# test: tello_neuron_test - stationary Tello, escape circuit perception only
# started: 2026-09-27 18:49:56
# git: 1edebe1 (dirty)
# python: 3.14.2 on macOS-26.6.2-arm64-arm-64bit-Mach-O
# opencv: 5.0.0
# proc_resolution: 320x240
# vertical_fov_deg: 55.6
# baseline_seconds: 10.0
# live_seconds: 60.0
# --- flybrain_controller constants in effect ---
# LOOM_EXPANSION_FLOOR: 0.8
# LOOM_EXPANSION_FLOOR_PER_MPS: 0.5
# LOOM_EXPANSION_FLOOR_PER_RAD: 25.0
# LOOM_ROTATION_FLOOR_DECAY: 0.7
# LOOM_EXPANSION_SPAN: 2.0
# ESCAPE_STATE_THRESHOLD: 0.6
# AVOID_STATE_THRESHOLD: 0.05
# ESCAPE_CYCLES: 30
# ESCAPE_REFRACTORY_CYCLES: 30
# ESCAPE_SIDE_MIN_YAW: 0.3
# ESCAPE_SIDE_MIN_FLOW_DIFF: 0.2
# --- note: drone stationary, so actual_vx is forced to 0.0 and the
# --- loom floor reduces to LOOM_EXPANSION_FLOOR + rotation term
# brain_interpreter: /opt/homebrew/Caskroom/miniconda/base/envs/brian2/bin/python
# FLYBRAIN_PYTHON: /opt/homebrew/Caskroom/miniconda/base/envs/brian2/bin/python
# state_telemetry: available after 0.1s
# battery_percent: 33
# stream_frame_shape: 960x720
# COLUMNS (tab-separated)
t_s	phase	dt_ms	dup	exp_l	exp_c	exp_r	floor	loom_l	loom_r	escape	brain_yaw	brain_fwd	state	spikes	flow_l	flow_c	flow_r	pitch	roll	yaw	att_ok	tello_vgx	tello_h	mean_px	ms_grab	ms_flow	ms_brain	ms_cycle
# PHASE baseline starts t=0.52 (warmup discarded 15 frames)
0.565	baseline	40.0	26	0.000	0.000	0.000	0.800	0.000	0.000	0.000	0.000	1.000	CRUISE	-	0.000	0.000	0.000	0	0	16	1	0	0	113.5	1.0	0.0	176.9	177.9
1.310	baseline	745.3	26	0.005	0.008	0.009	0.800	0.000	0.000	0.000	0.000	1.000	CRUISE	-	0.213	0.416	0.366	0	0	16	1	0	0	113.5	1.0	13.9	36.9	51.9
1.410	baseline	100.5	26	0.018	0.035	0.031	0.800	0.000	0.000	0.000	0.000	1.000	CRUISE	-	0.328	0.416	0.431	0	0	16	1	0	0	113.6	1.3	14.8	19.1	35.3
1.465	baseline	54.3	26	0.036	0.072	0.060	0.800	0.000	0.000	0.000	0.000	1.000	CRUISE	-	0.295	0.288	0.304	0	0	16	1	0	0	113.4	1.0	12.5	25.3	38.8
1.516	baseline	51.0	26	0.065	0.090	0.087	0.800	0.000	0.000	0.000	0.000	1.000	CRUISE	-	0.152	0.200	0.232	0	0	16	1	0	0	113.4	1.0	12.5	25.7	39.3
1.567	baseline	52.3	26	0.079	0.092	0.101	0.800	0.000	0.000	0.000	0.000	1.000	CRUISE	-	0.170	0.205	0.240	0	0	16	1	0	0	113.4	2.2	17.0	20.6	39.8
1.622	baseline	54.1	26	0.106	0.093	0.119	0.800	0.000	0.000	0.000	0.000	1.000	CRUISE	-	0.206	0.263	0.347	0	0	16	1	0	0	113.5	1.0	12.3	19.9	33.3
1.685	baseline	62.1	26	0.093	0.094	0.108	0.800	0.000	0.000	0.000	0.000	1.000	CRUISE	-	0.186	0.185	0.243	0	0	16	1	0	0	113.4	1.0	12.5	18.5	32.0
1.732	baseline	47.3	26	0.107	0.103	0.103	0.800	0.000	0.000	0.000	0.000	1.000	CRUISE	-	0.205	0.224	0.314	0	0	16	1	0	0	113.5	0.9	13.0	71.9	85.9
1.831	baseline	98.8	26	0.094	0.099	0.100	0.800	0.000	0.000	0.000	0.000	1.000	CRUISE	-	0.200	0.265	0.360	0	0	16	1	0	0	113.5	0.9	14.1	36.1	51.2
1.894	baseline	63.0	26	0.099	0.089	0.103	0.800	0.000	0.000	0.000	0.000	1.000	CRUISE	-	0.186	0.215	0.364	0	0	16	1	0	0	113.5	0.9	12.7	19.4	33.0
1.939	baseline	44.9	26	0.072	0.066	0.117	0.800	0.000	0.000	0.000	0.000	1.000	CRUISE	-	0.173	0.187	0.229	0	0	16	1	0	0	113.5	1.1	12.7	19.5	33.3
1.983	baseline	44.4	26	0.078	0.054	0.124	0.800	0.000	0.000	0.000	0.000	1.000	CRUISE	-	0.163	0.160	0.238	0	0	16	1	0	0	113.5	1.0	14.9	17.9	33.8
2.029	baseline	45.6	26	0.063	0.061	0.125	0.800	0.000	0.000	0.000	0.000	1.000	CRUISE	-	0.174	0.206	0.241	0	0	16	1	0	0	113.5	0.9	12.4	18.1	31.4
2.072	baseline	42.9	26	0.073	0.083	0.120	0.800	0.000	0.000	0.000	0.000	1.000	CRUISE	-	0.184	0.188	0.211	0	0	16	1	0	0	113.5	1.0	11.9	17.9	30.9
2.114	baseline	42.7	26	0.081	0.094	0.123	0.800	0.000	0.000	0.000	0.000	1.000	CRUISE	-	0.190	0.187	0.234	0	0	16	1	0	0	113.5	1.0	12.2	16.3	29.5
2.156	baseline	41.1	26	0.091	0.099	0.145	0.800	0.000	0.000	0.000	0.000	1.000	CRUISE	-	0.197	0.279	0.303	0	0	16	1	0	0	113.5	0.8	11.3	16.5	28.7
2.196	baseline	40.4	26	0.104	0.128	0.178	0.800	0.000	0.000	0.000	0.000	1.000	CRUISE	-	0.184	0.211	0.226	0	0	16	1	0	0	113.5	0.9	11.7	16.5	29.1
2.237	baseline	41.0	26	0.104	0.096	0.192	0.800	0.000	0.000	0.000	0.000	1.000	CRUISE	-	0.165	0.180	0.233	0	0	16	1	0	0	113.5	0.9	11.5	16.6	29.1
2.278	baseline	40.8	26	0.111	0.077	0.199	0.800	0.000	0.000	0.000	0.000	1.000	CRUISE	-	0.167	0.226	0.231	0	0	16	1	0	0	113.5	0.9	12.0	16.0	28.9
2.318	baseline	40.7	26	0.123	0.067	0.180	0.800	0.000	0.000	0.000	0.000	1.000	CRUISE	-	0.182	0.214	0.220	0	0	16	1	0	0	113.5	0.9	11.6	16.2	28.7
2.407	baseline	88.8	30	0.130	0.055	0.163	0.800	0.000	0.000	0.000	0.000	1.000	CRUISE	-	0.333	0.597	0.543	0	0	16	1	0	0	113.4	1.0	13.1	17.5	31.6
2.451	baseline	43.4	30	0.133	0.069	0.155	0.800	0.000	0.000	0.000	0.000	1.000	CRUISE	-	0.207	0.210	0.191	0	0	16	1	0	0	113.4	0.9	11.9	16.5	29.3
2.492	baseline	41.3	30	0.146	0.099	0.198	0.800	0.000	0.000	0.000	0.000	1.000	CRUISE	-	0.171	0.283	0.361	0	0	16	1	0	0	113.4	0.8	11.2	16.0	28.1
2.532	baseline	39.8	30	0.170	0.114	0.219	0.800	0.000	0.000	0.000	0.000	1.000	CRUISE	-	0.170	0.203	0.213	0	0	16	1	0	0	113.4	0.9	11.6	16.7	29.3
2.573	baseline	41.1	30	0.165	0.121	0.168	0.800	0.000	0.000	0.000	0.000	1.000	CRUISE	-	0.178	0.186	0.217	0	0	16	1	0	0	113.4	1.0	11.7	16.3	29.1
2.614	baseline	40.7	30	0.173	0.123	0.138	0.800	0.000	0.000	0.000	0.000	1.000	CRUISE	-	0.172	0.216	0.215	0	0	16	1	0	0	113.5	0.9	12.2	15.9	29.1
2.654	baseline	40.2	30	0.148	0.121	0.121	0.800	0.000	0.000	0.000	0.000	1.000	CRUISE	-	0.179	0.186	0.230	0	0	16	1	0	0	113.5	1.0	12.1	16.0	29.1
2.694	baseline	40.7	30	0.135	0.098	0.099	0.800	0.000	0.000	0.000	0.000	1.000	CRUISE	-	0.184	0.201	0.234	0	0	16	1	0	0	113.5	0.9	12.0	16.9	29.8
2.736	baseline	41.7	30	0.129	0.086	0.089	0.800	0.000	0.000	0.000	0.000	1.000	CRUISE	-	0.195	0.253	0.304	0	0	16	1	0	0	113.5	1.0	11.6	16.5	29.2
2.777	baseline	40.8	30	0.121	0.080	0.145	0.800	0.000	0.000	0.000	0.000	1.000	CRUISE	-	0.175	0.220	0.225	0	0	16	1	0	0	113.5	0.9	12.1	16.0	29.1
2.818	baseline	40.8	30	0.106	0.086	0.173	0.800	0.000	0.000	0.000	0.000	1.000	CRUISE	-	0.178	0.191	0.237	0	0	16	1	0	0	113.6	0.9	12.3	15.9	29.2
2.858	baseline	40.9	30	0.099	0.068	0.138	0.800	0.000	0.000	0.000	0.000	1.000	CRUISE	-	0.197	0.257	0.301	0	0	16	1	0	0	113.6	0.9	11.4	16.6	29.0
2.899	baseline	40.8	30	0.099	0.059	0.112	0.800	0.000	0.000	0.000	0.000	1.000	CRUISE	-	0.176	0.163	0.215	0	0	16	1	0	0	113.6	0.9	11.7	15.9	28.6
2.952	baseline	52.2	31	0.105	0.054	0.104	0.800	0.000	0.000	0.000	0.000	1.000	CRUISE	-	0.178	0.208	0.247	0	0	16	1	0	0	113.8	0.9	11.8	16.3	29.0
2.992	baseline	40.7	31	0.108	0.075	0.101	0.800	0.000	0.000	0.000	0.000	1.000	CRUISE	-	0.214	0.258	0.304	0	0	16	1	0	0	114.1	0.9	11.3	16.6	28.7
3.033	baseline	40.5	31	0.109	0.088	0.120	0.800	0.000	0.000	0.000	0.000	1.000	CRUISE	-	0.189	0.189	0.226	0	0	16	1	0	0	114.3	0.9	11.6	16.5	29.1
3.074	baseline	40.8	31	0.108	0.122	0.129	0.800	0.000	0.000	0.000	0.000	1.000	CRUISE	-	0.192	0.203	0.231	0	0	16	1	0	0	114.4	0.9	12.0	16.1	29.1
3.114	baseline	40.8	31	0.108	0.111	0.132	0.800	0.000	0.000	0.000	0.000	1.000	CRUISE	-	0.184	0.179	0.223	0	0	16	1	0	0	114.6	0.9	12.0	16.1	29.1
3.155	baseline	40.8	31	0.098	0.118	0.123	0.800	0.000	0.000	0.000	0.000	1.000	CRUISE	-	0.180	0.220	0.231	0	0	16	1	0	0	114.7	0.9	11.6	15.8	28.3
3.195	baseline	40.0	31	0.093	0.121	0.129	0.800	0.000	0.000	0.000	0.000	1.000	CRUISE	-	0.216	0.270	0.327	0	0	16	1	0	0	114.7	0.9	11.7	16.4	29.0
3.236	baseline	40.8	31	0.090	0.123	0.161	0.800	0.000	0.000	0.000	0.000	1.000	CRUISE	-	0.165	0.203	0.290	0	0	16	1	0	0	114.6	1.0	11.6	16.4	29.0
3.277	baseline	40.6	31	0.091	0.122	0.177	0.800	0.000	0.000	0.000	0.000	1.000	CRUISE	-	0.177	0.186	0.212	0	0	16	1	0	0	114.6	0.9	12.1	16.2	29.2
3.317	baseline	40.8	31	0.092	0.111	0.175	0.800	0.000	0.000	0.000	0.000	1.000	CRUISE	-	0.166	0.183	0.216	0	0	16	1	0	0	114.6	0.9	12.0	16.4	29.4
3.359	baseline	41.2	31	0.120	0.113	0.174	0.800	0.000	0.000	0.000	0.000	1.000	CRUISE	-	0.190	0.275	0.337	0	0	16	1	0	0	114.6	1.0	11.6	16.0	28.6
3.447	baseline	88.4	35	0.101	0.099	0.173	0.800	0.000	0.000	0.000	0.000	1.000	CRUISE	-	0.275	0.358	0.419	0	0	16	1	0	0	114.3	1.0	13.9	18.0	32.9
3.492	baseline	44.6	35	0.113	0.092	0.173	0.800	0.000	0.000	0.000	0.000	1.000	CRUISE	-	0.233	0.289	0.388	0	0	16	1	0	0	113.9	1.0	12.2	16.4	29.6
3.533	baseline	41.3	35	0.119	0.089	0.174	0.800	0.000	0.000	0.000	0.000	1.000	CRUISE	-	0.203	0.220	0.313	0	0	16	1	0	0	113.8	0.9	11.7	16.4	29.0
3.574	baseline	40.8	35	0.123	0.092	0.174	0.800	0.000	0.000	0.000	0.000	1.000	CRUISE	-	0.162	0.229	0.244	0	0	16	1	0	0	113.8	1.0	11.6	15.7	28.3
3.626	baseline	52.3	36	0.117	0.106	0.173	0.800	0.000	0.000	0.000	0.000	1.000	CRUISE	-	0.219	0.274	0.284	0	0	16	1	0	0	113.9	0.9	11.4	16.1	28.5
3.666	baseline	40.3	36	0.114	0.120	0.133	0.800	0.000	0.000	0.000	0.000	1.000	CRUISE	-	0.180	0.195	0.215	0	0	16	1	0	0	113.9	1.0	11.6	16.4	29.0
3.707	baseline	40.7	36	0.108	0.127	0.096	0.800	0.000	0.000	0.000	0.000	1.000	CRUISE	-	0.187	0.191	0.229	0	0	16	1	0	0	113.9	0.9	11.6	16.1	28.7
3.747	baseline	40.3	36	0.106	0.125	0.078	0.800	0.000	0.000	0.000	0.000	1.000	CRUISE	-	0.160	0.219	0.229	0	0	16	1	0	0	113.9	0.9	12.0	16.0	28.9
3.788	baseline	40.6	36	0.104	0.109	0.121	0.800	0.000	0.000	0.000	0.000	1.000	CRUISE	-	0.168	0.192	0.221	0	0	16	1	0	0	113.9	0.9	11.6	16.1	28.6
3.828	baseline	40.4	36	0.103	0.116	0.143	0.800	0.000	0.000	0.000	0.000	1.000	CRUISE	-	0.179	0.163	0.202	0	0	16	1	0	0	113.9	1.0	12.0	16.5	29.5
3.869	baseline	41.1	36	0.103	0.115	0.151	0.800	0.000	0.000	0.000	0.000	1.000	CRUISE	-	0.207	0.255	0.335	0	0	16	1	0	0	113.9	0.9	11.7	16.4	29.0
3.910	baseline	40.8	36	0.109	0.139	0.154	0.800	0.000	0.000	0.000	0.000	1.000	CRUISE	-	0.164	0.207	0.248	0	0	16	1	0	0	113.9	0.9	11.8	16.6	29.4
3.951	baseline	41.1	36	0.147	0.150	0.182	0.800	0.000	0.000	0.000	0.000	1.000	CRUISE	-	0.149	0.215	0.241	0	0	16	1	0	0	113.9	0.9	12.2	16.5	29.7
3.993	baseline	41.4	36	0.166	0.155	0.195	0.800	0.000	0.000	0.000	0.000	1.000	CRUISE	-	0.187	0.247	0.315	0	0	16	1	0	0	113.9	0.9	11.3	16.3	28.6
4.033	baseline	40.3	36	0.143	0.123	0.134	0.800	0.000	0.000	0.000	0.000	1.000	CRUISE	-	0.156	0.170	0.235	0	0	16	1	0	0	113.9	0.9	11.5	15.9	28.3
4.085	baseline	52.0	37	0.120	0.107	0.103	0.800	0.000	0.000	0.000	0.000	1.000	CRUISE	-	0.170	0.177	0.234	0	0	16	1	0	0	113.9	1.0	12.0	16.2	29.2
4.126	baseline	40.7	37	0.094	0.105	0.108	0.800	0.000	0.000	0.000	0.000	1.000	CRUISE	-	0.249	0.220	0.306	0	0	16	1	0	0	113.9	0.9	11.2	16.1	28.2
4.166	baseline	39.9	37	0.081	0.120	0.147	0.800	0.000	0.000	0.000	0.000	1.000	CRUISE	-	0.172	0.174	0.243	0	0	16	1	0	0	114.0	0.9	11.5	16.5	28.9
4.206	baseline	40.6	37	0.119	0.130	0.167	0.800	0.000	0.000	0.000	0.000	1.000	CRUISE	-	0.174	0.223	0.240	0	0	16	1	0	0	114.2	0.9	11.6	16.2	28.7
4.246	baseline	40.3	37	0.138	0.132	0.192	0.800	0.000	0.000	0.000	0.000	1.000	CRUISE	-	0.166	0.188	0.277	0	0	16	1	0	0	114.4	0.9	11.9	16.0	28.8
4.287	baseline	40.4	37	0.129	0.109	0.164	0.800	0.000	0.000	0.000	0.000	1.000	CRUISE	-	0.181	0.181	0.214	0	0	16	1	0	0	114.5	0.9	12.0	16.2	29.1
4.328	baseline	40.8	37	0.116	0.098	0.191	0.800	0.000	0.000	0.000	0.000	1.000	CRUISE	-	0.183	0.246	0.373	0	0	16	1	0	0	114.5	0.9	11.4	15.9	28.2
4.368	baseline	39.9	37	0.118	0.099	0.182	0.800	0.000	0.000	0.000	0.000	1.000	CRUISE	-	0.156	0.201	0.260	0	0	16	1	0	0	114.6	0.9	11.7	16.3	28.9
4.408	baseline	40.6	37	0.136	0.114	0.230	0.800	0.000	0.000	0.000	0.000	1.000	CRUISE	-	0.281	0.323	0.373	0	0	16	1	0	0	114.4	0.9	11.5	15.4	27.8
4.495	baseline	87.5	41	0.146	0.122	0.201	0.800	0.000	0.000	0.000	0.000	1.000	CRUISE	-	0.232	0.205	0.194	0	0	16	1	0	0	114.3	1.1	13.3	17.3	31.7
4.551	baseline	55.1	42	0.163	0.126	0.154	0.800	0.000	0.000	0.000	0.000	1.000	CRUISE	-	0.219	0.235	0.288	0	0	16	1	0	0	114.2	0.9	12.2	16.3	29.5
4.592	baseline	41.0	42	0.139	0.155	0.130	0.800	0.000	0.000	0.000	0.000	1.000	CRUISE	-	0.199	0.290	0.322	0	0	16	1	0	0	114.1	0.8	11.6	15.9	28.4
4.632	baseline	40.0	42	0.127	0.169	0.128	0.800	0.000	0.000	0.000	0.000	1.000	CRUISE	-	0.195	0.311	0.313	0	0	16	1	0	0	113.1	0.8	11.3	16.2	28.4
4.672	baseline	40.2	42	0.121	0.156	0.148	0.800	0.000	0.000	0.000	0.000	1.000	CRUISE	-	0.164	0.224	0.247	0	0	16	1	0	0	112.8	0.9	11.7	16.1	28.8
4.712	baseline	40.4	42	0.124	0.145	0.139	0.800	0.000	0.000	0.000	0.000	1.000	CRUISE	-	0.176	0.204	0.227	0	0	16	1	0	0	112.7	0.9	11.7	15.9	28.5
4.753	baseline	40.5	42	0.126	0.143	0.134	0.800	0.000	0.000	0.000	0.000	1.000	CRUISE	-	0.172	0.237	0.236	0	0	16	1	0	0	112.6	0.9	11.6	16.0	28.5
4.793	baseline	40.5	42	0.113	0.139	0.132	0.800	0.000	0.000	0.000	0.000	1.000	CRUISE	-	0.180	0.203	0.242	0	0	16	1	0	0	112.6	1.3	11.6	16.4	29.3
4.834	baseline	40.6	42	0.106	0.097	0.121	0.800	0.000	0.000	0.000	0.000	1.000	CRUISE	-	0.221	0.274	0.295	0	0	16	1	0	0	112.7	0.9	11.5	16.0	28.4
4.874	baseline	40.1	42	0.103	0.076	0.116	0.800	0.000	0.000	0.000	0.000	1.000	CRUISE	-	0.161	0.232	0.246	0	0	16	1	0	0	112.7	0.9	12.1	15.8	28.8
4.914	baseline	40.4	42	0.102	0.078	0.119	0.800	0.000	0.000	0.000	0.000	1.000	CRUISE	-	0.171	0.166	0.229	0	0	16	1	0	0	112.7	0.9	11.8	15.7	28.4
4.954	baseline	40.1	42	0.102	0.128	0.149	0.800	0.000	0.000	0.000	0.000	1.000	CRUISE	-	0.194	0.249	0.342	0	0	16	1	0	0	112.7	0.9	11.4	15.6	27.9
4.994	baseline	39.5	42	0.102	0.141	0.135	0.800	0.000	0.000	0.000	0.000	1.000	CRUISE	-	0.169	0.234	0.220	0	0	16	1	0	0	112.7	0.9	11.4	16.1	28.4
5.034	baseline	40.0	42	0.124	0.147	0.114	0.800	0.000	0.000	0.000	0.000	1.000	CRUISE	-	0.164	0.190	0.229	0	0	16	1	0	0	112.7	0.9	11.5	16.3	28.8
5.074	baseline	40.5	42	0.121	0.113	0.104	0.800	0.000	0.000	0.000	0.000	1.000	CRUISE	-	0.175	0.170	0.212	0	0	16	1	0	0	112.7	0.9	11.5	15.8	28.3
5.114	baseline	39.9	42	0.120	0.091	0.106	0.800	0.000	0.000	0.000	0.000	1.000	CRUISE	-	0.157	0.165	0.233	0	0	16	1	0	0	112.7	0.9	11.6	15.6	28.1
5.239	baseline	124.8	49	0.119	0.085	0.170	0.800	0.000	0.000	0.000	0.000	1.000	CRUISE	-	0.266	0.437	0.798	0	0	16	1	0	0	112.9	1.3	16.3	19.9	37.5
5.300	baseline	60.9	50	0.193	0.166	0.235	0.800	0.000	0.000	0.000	0.000	1.000	CRUISE	-	0.189	0.233	0.337	0	0	16	1	0	0	112.9	1.0	13.3	17.5	31.9
5.344	baseline	43.6	50	0.241	0.207	0.318	0.800	0.000	0.000	0.000	0.000	1.000	CRUISE	-	0.219	0.372	0.361	0	0	16	1	0	0	113.0	0.9	11.7	15.8	28.4
5.444	baseline	100.1	55	0.265	0.173	0.360	0.800	0.000	0.000	0.000	0.000	1.000	CRUISE	-	0.162	0.173	0.212	0	0	16	1	0	0	113.0	1.0	14.7	18.0	33.7
5.550	baseline	106.3	60	0.184	0.114	0.223	0.800	0.000	0.000	0.000	0.000	1.000	CRUISE	-	0.097	0.000	0.034	0	0	16	1	0	0	113.0	1.2	15.1	19.2	35.6
5.597	baseline	47.1	60	0.143	0.084	0.155	0.800	0.000	0.000	0.000	0.000	1.000	CRUISE	-	1.362	0.959	0.902	0	0	16	1	0	0	112.7	1.0	12.6	16.5	30.2
5.639	baseline	41.7	60	0.187	0.228	0.592	0.800	0.000	0.000	0.000	0.000	1.000	CRUISE	-	0.175	0.202	0.230	0	0	16	1	0	0	112.7	0.9	11.8	16.5	29.2
5.680	baseline	40.9	60	0.209	0.300	0.811	0.800	0.000	0.005	0.000	0.000	1.000	CRUISE	-	0.217	0.243	0.312	0	0	16	1	0	0	112.8	0.9	11.6	16.2	28.7
5.720	baseline	40.5	60	0.168	0.275	0.505	0.800	0.000	0.000	0.000	0.000	1.000	CRUISE	-	0.187	0.168	0.266	0	0	16	1	0	0	112.8	1.1	11.5	15.6	28.2
5.760	baseline	39.7	60	0.137	0.217	0.351	0.800	0.000	0.000	0.000	0.000	1.000	CRUISE	-	0.285	0.306	0.386	0	0	16	1	0	0	112.8	0.9	11.3	16.2	28.5
5.800	baseline	40.3	60	0.122	0.233	0.354	0.800	0.000	0.000	0.000	0.000	1.000	CRUISE	-	0.583	0.605	0.670	0	0	16	1	0	0	113.0	0.9	11.5	17.3	29.7
5.842	baseline	41.5	60	0.160	0.330	0.594	0.800	0.000	0.000	0.000	0.000	1.000	CRUISE	-	0.373	0.569	0.433	0	0	16	1	0	0	113.2	0.9	11.5	15.8	28.3
5.882	baseline	40.0	60	0.253	0.378	0.713	0.800	0.000	0.000	0.000	0.000	1.000	CRUISE	-	0.296	0.355	0.358	0	0	16	1	0	0	113.2	0.9	11.7	15.9	28.6
5.922	baseline	40.2	60	0.300	0.362	0.663	0.800	0.000	0.000	0.000	0.000	1.000	CRUISE	-	0.308	0.233	0.303	0	0	16	1	0	0	113.3	0.9	11.4	15.8	28.1
5.962	baseline	39.8	60	0.278	0.253	0.464	0.800	0.000	0.000	0.000	0.000	1.000	CRUISE	-	0.227	0.220	0.235	0	0	16	1	0	0	113.3	0.9	11.4	16.0	28.4
6.002	baseline	40.4	60	0.208	0.165	0.365	0.800	0.000	0.000	0.000	0.000	1.000	CRUISE	-	0.315	0.337	0.356	0	0	16	1	0	0	113.3	0.8	11.5	16.2	28.6
6.043	baseline	40.4	60	0.173	0.115	0.340	0.800	0.000	0.000	0.000	0.000	1.000	CRUISE	-	0.460	0.348	0.453	0	0	16	1	0	0	113.3	0.9	11.5	16.4	28.8
6.083	baseline	40.4	60	0.167	0.090	0.416	0.800	0.000	0.000	0.000	0.000	1.000	CRUISE	-	0.336	0.394	0.362	0	0	16	1	0	0	113.4	0.9	11.6	16.1	28.6
6.124	baseline	40.3	60	0.174	0.180	0.455	0.800	0.000	0.000	0.000	0.000	1.000	CRUISE	-	0.308	0.267	0.270	0	0	16	1	0	0	113.5	0.9	11.5	15.6	28.1
6.163	baseline	39.6	60	0.197	0.225	0.344	0.800	0.000	0.000	0.000	0.000	1.000	CRUISE	-	1.738	0.472	0.493	0	0	16	1	0	0	114.1	0.9	11.4	16.3	28.6
6.203	baseline	40.3	60	0.242	0.183	0.289	0.800	0.000	0.000	0.000	0.000	1.000	CRUISE	-	5.277	1.742	0.856	0	0	16	1	0	0	116.0	0.9	11.5	16.4	28.8
6.244	baseline	40.6	60	1.466	0.162	0.257	1.673	0.000	0.000	0.000	0.000	1.000	CRUISE	-	4.352	3.177	2.473	0	0	14	1	0	0	118.3	0.9	11.5	15.9	28.4
6.284	baseline	40.0	60	2.477	0.319	0.279	1.411	0.533	0.000	0.000	0.000	1.000	CRUISE	-	7.624	3.990	1.476	0	0	14	1	0	0	119.1	0.9	11.6	16.8	29.3
6.325	baseline	40.9	60	2.983	0.397	0.317	1.228	0.878	0.000	0.298	-0.208	0.583	AVOID_RIGHT	DNp03_left=1,DNp06_left=1,DNp01_left=2	1.587	0.524	0.321	0	0	14	1	0	0	119.2	0.9	11.6	17.8	30.3
6.367	baseline	42.1	60	2.965	0.436	0.352	2.109	0.428	0.000	0.223	-0.156	0.688	AVOID_RIGHT	-	2.282	2.987	3.045	0	0	11	1	0	0	119.8	0.9	11.6	16.5	29.0
6.408	baseline	40.8	60	1.996	0.704	0.662	1.716	0.140	0.000	0.316	-0.117	0.766	AVOID_RIGHT	DNp01_left=1	4.517	3.690	1.849	0	0	11	1	0	0	120.7	0.9	12.0	17.2	30.1
6.450	baseline	41.9	60	1.511	0.838	0.817	2.109	0.000	0.000	0.237	-0.088	0.824	AVOID_RIGHT	-	5.849	5.809	4.834	0	0	8	1	0	0	122.3	0.9	12.0	15.9	28.9
6.490	baseline	40.6	60	1.997	0.905	0.811	1.716	0.140	0.000	0.178	-0.066	0.868	AVOID_RIGHT	-	5.844	10.091	6.174	0	0	8	1	0	0	122.6	1.0	11.3	16.2	28.4
6.591	baseline	100.4	65	2.240	1.047	0.654	2.545	0.000	0.000	0.133	-0.049	0.901	CRUISE	-	5.068	5.141	5.097	0	0	4	1	0	0	122.7	1.1	14.7	18.2	34.0
6.636	baseline	45.5	65	2.129	1.806	0.729	2.022	0.054	0.000	0.100	-0.037	0.926	CRUISE	-	2.800	1.959	1.333	0	0	4	1	0	0	123.3	0.9	12.1	16.7	29.7
6.678	baseline	41.4	65	2.073	2.691	0.957	1.655	0.518	0.518	0.373	-0.236	0.736	AVOID_RIGHT	DNp06_left=1,DNp01_right=1,DNp01_left=1	4.966	10.513	2.894	0	0	4	1	0	0	124.1	1.0	11.6	17.3	29.9
6.719	baseline	41.5	65	3.435	3.134	1.152	3.418	0.009	0.000	0.279	-0.177	0.802	AVOID_RIGHT	-	6.201	6.871	6.876	0	0	-2	1	0	0	124.0	0.9	11.7	16.2	28.8
6.760	baseline	40.5	65	4.116	2.376	1.168	2.633	0.742	0.000	0.358	-0.133	0.852	AVOID_RIGHT	DNp01_left=1	7.864	10.541	3.158	0	0	-2	1	0	0	123.5	0.9	11.4	17.2	29.6
6.801	baseline	41.2	65	4.490	1.997	1.258	2.083	1.000	0.000	0.418	-0.308	0.472	AVOID_RIGHT	DNp03_left=1,DNp06_left=1,DNp01_left=1	8.296	8.440	3.477	0	0	-2	1	0	0	123.5	0.9	11.3	17.3	29.5
6.866	baseline	65.3	67	3.310	1.808	1.181	1.698	0.806	0.055	0.611	-0.439	0.187	ESCAPE	DNp03_left=1,DNp06_left=1,DNp01_left=2	6.514	6.364	3.361	0	0	-4	1	0	0	123.3	1.0	12.1	17.9	30.9
6.909	baseline	42.8	67	2.235	1.446	0.871	1.429	0.403	0.009	0.458	-0.329	0.390	ESCAPE	-	2.262	1.919	0.776	0	0	-4	1	0	0	123.7	1.0	11.9	16.6	29.5
6.950	baseline	41.1	67	1.619	1.265	0.716	1.673	0.000	0.000	0.344	-0.247	0.543	ESCAPE	-	0.819	0.402	1.815	0	0	-6	1	0	0	124.2	0.9	11.9	16.3	29.1
6.991	baseline	40.9	67	1.389	1.026	0.657	1.411	0.000	0.000	0.258	-0.185	0.657	ESCAPE	-	6.010	5.507	2.787	0	0	-6	1	0	0	125.0	0.9	12.2	16.4	29.6
7.032	baseline	41.2	67	1.649	1.125	0.740	2.545	0.000	0.000	0.193	-0.139	0.743	ESCAPE	-	5.549	6.591	5.938	0	0	-10	1	0	0	124.9	0.8	11.5	16.9	29.3
7.073	baseline	41.1	67	2.132	3.479	2.728	2.022	0.729	0.729	0.443	0.104	0.599	ESCAPE	DNp06_right=1,DNp01_right=1,DNp01_left=1	6.525	7.588	6.376	0	0	-10	1	0	0	125.4	0.9	11.5	18.1	30.5
7.116	baseline	42.3	67	2.593	4.662	3.722	1.655	1.000	1.000	0.927	-0.130	0.000	ESCAPE	DNp06_right=1,DNp03_left=1,DNp06_left=2,DNp01_right=2,DNp01_left=2	9.042	8.761	6.418	0	0	-10	1	0	0	124.2	0.9	11.6	17.9	30.4
7.158	baseline	42.2	67	2.604	5.254	3.877	2.545	1.000	1.000	0.993	-0.098	0.000	ESCAPE	DNp06_right=1,DNp06_left=1,DNp01_right=1,DNp01_left=1	1.498	0.660	2.256	0	0	-14	1	0	0	123.9	1.0	11.5	18.0	30.5
7.200	baseline	42.0	67	1.903	2.958	2.572	2.022	0.468	0.468	1.000	0.135	0.000	ESCAPE	DNp06_right=1,DNp03_left=1,DNp01_right=2,DNp01_left=1	6.720	3.015	4.392	0	0	-14	1	0	0	123.3	0.9	11.4	17.3	29.6
7.241	baseline	41.3	67	1.552	1.811	1.919	2.109	0.000	0.000	0.893	0.101	0.000	ESCAPE	-	2.053	1.770	2.233	0	0	-17	1	0	0	123.1	0.9	11.3	16.1	28.3
7.281	baseline	40.0	67	1.435	1.505	1.593	1.716	0.000	0.000	0.670	0.076	0.231	ESCAPE	-	0.873	0.840	0.793	0	0	-17	1	0	0	123.2	0.9	11.9	15.8	28.7
7.321	baseline	40.2	67	1.555	1.352	1.377	1.441	0.057	0.000	0.503	0.057	0.423	ESCAPE	-	3.860	3.986	3.856	0	0	-17	1	0	0	123.5	0.9	12.2	16.4	29.5
7.362	baseline	40.8	67	2.058	1.275	1.269	1.673	0.193	0.000	0.377	0.043	0.567	ESCAPE	-	6.713	3.720	4.047	0	0	-19	1	0	0	123.0	0.9	11.7	16.4	29.1
7.403	baseline	40.7	67	2.309	1.490	1.390	1.411	0.449	0.040	0.431	0.032	0.676	ESCAPE	DNp01_left=1	0.806	1.031	2.111	0	0	-19	1	0	0	124.2	0.9	11.6	16.9	29.4
7.444	baseline	41.1	67	1.857	2.499	1.451	1.228	0.636	0.636	0.621	0.024	0.340	ESCAPE	DNp06_right=1,DNp06_left=1,DNp01_right=1,DNp01_left=1	0.939	0.882	1.076	0	0	-19	1	0	0	124.8	0.9	11.4	17.7	30.1
7.498	baseline	53.7	68	1.165	3.003	1.118	1.673	0.665	0.665	0.912	0.018	0.000	ESCAPE	DNp06_right=1,DNp03_left=1,DNp06_left=1,DNp01_right=2,DNp01_left=1	2.756	1.820	2.506	0	0	-21	1	0	0	125.7	0.9	11.6	17.5	30.1
7.540	baseline	41.9	68	0.818	2.273	0.884	1.673	0.300	0.300	0.833	0.014	0.160	ESCAPE	DNp01_left=1	3.772	3.611	3.784	0	0	-23	1	0	0	126.0	0.9	11.4	16.8	29.2
7.652	baseline	112.9	74	0.608	1.422	0.737	1.673	0.000	0.000	0.625	0.010	0.370	ESCAPE	-	3.217	2.373	3.170	0	0	-25	1	0	0	125.9	0.9	11.9	18.3	31.2
7.696	baseline	43.1	74	0.805	1.060	0.694	1.411	0.000	0.000	0.469	0.008	0.528	ESCAPE	-	4.919	4.043	3.893	0	0	-25	1	0	0	125.8	0.9	11.7	16.2	28.9
7.736	baseline	40.5	74	1.254	0.879	0.737	1.228	0.013	0.000	0.351	0.006	0.646	ESCAPE	-	2.530	2.636	2.734	0	0	-25	1	0	0	126.3	0.9	11.4	16.3	28.6
7.777	baseline	40.3	74	1.592	0.887	0.963	1.099	0.246	0.000	0.264	0.004	0.734	ESCAPE	-	5.524	5.511	3.810	0	0	-25	1	0	0	125.6	0.9	11.4	17.1	29.5
7.818	baseline	41.2	74	2.111	0.996	1.718	1.010	0.551	0.354	0.347	0.003	0.801	ESCAPE	DNp01_left=1	4.052	7.330	4.160	0	0	-25	1	0	0	125.0	0.9	11.9	17.0	29.8
7.859	baseline	41.7	74	2.370	1.965	2.096	3.418	0.000	0.000	0.260	0.002	0.850	ESCAPE	-	3.631	3.727	4.842	0	0	-31	1	0	0	124.1	1.1	11.6	16.5	29.3
7.900	baseline	40.8	74	2.319	2.450	2.284	2.633	0.000	0.000	0.195	0.002	0.888	ESCAPE	-	0.569	0.636	0.606	0	0	-31	1	0	0	124.4	0.9	11.8	26.2	39.0
7.950	baseline	51.9	74	2.271	2.502	2.010	2.083	0.209	0.209	0.146	0.001	0.916	ESCAPE	-	1.068	1.007	0.996	0	0	-32	1	0	0	124.7	2.4	17.2	23.3	43.2
8.006	baseline	53.6	74	1.310	1.310	1.203	1.698	0.000	0.000	0.110	0.001	0.937	ESCAPE	-	0.263	0.139	0.191	0	0	-32	1	0	0	124.8	1.0	12.1	17.7	30.9
8.048	baseline	42.6	74	0.815	0.710	0.689	1.429	0.000	0.000	0.082	0.001	0.953	ESCAPE	-	0.232	0.124	0.154	0	0	-32	1	0	0	124.8	0.9	12.1	16.5	29.5
8.090	baseline	41.5	74	0.453	0.409	0.432	1.240	0.000	0.000	0.062	0.001	0.965	ESCAPE	-	0.220	0.099	0.136	0	0	-32	1	0	0	124.8	1.2	11.5	16.4	29.1
8.130	baseline	40.5	74	0.266	0.257	0.304	1.108	0.000	0.000	0.046	0.000	0.973	ESCAPE	-	0.265	0.145	0.222	0	0	-32	1	0	0	124.9	0.9	11.3	16.1	28.4
8.183	baseline	52.2	75	0.173	0.181	0.252	1.016	0.000	0.000	0.035	0.000	0.980	ESCAPE	-	0.213	0.111	0.153	0	0	-32	1	0	0	125.0	0.9	12.0	16.2	29.1
8.223	baseline	40.8	75	0.183	0.134	0.226	0.951	0.000	0.000	0.026	0.000	0.985	CRUISE	-	0.225	0.130	0.163	0	0	-32	1	0	0	125.0	0.9	11.6	16.2	28.7
8.264	baseline	40.4	75	0.188	0.094	0.139	0.906	0.000	0.000	0.020	0.000	0.989	CRUISE	-	0.281	0.113	0.175	0	0	-32	1	0	0	125.1	0.9	11.4	16.3	28.6
8.304	baseline	40.4	75	0.179	0.090	0.096	0.874	0.000	0.000	0.015	0.000	0.992	CRUISE	-	0.223	0.111	0.168	0	0	-32	1	0	0	125.1	1.0	11.4	16.2	28.6
8.344	baseline	40.2	75	0.150	0.071	0.069	0.852	0.000	0.000	0.011	0.000	0.994	CRUISE	-	0.227	0.107	0.158	0	0	-32	1	0	0	125.2	0.9	11.6	16.3	28.9
8.385	baseline	40.6	75	0.136	0.059	0.055	0.836	0.000	0.000	0.008	0.000	0.995	CRUISE	-	0.247	0.112	0.176	0	0	-32	1	0	0	125.2	0.9	11.5	15.8	28.3
8.425	baseline	40.0	75	0.129	0.053	0.047	0.825	0.000	0.000	0.006	0.000	0.996	CRUISE	-	0.555	0.480	0.728	0	0	-32	1	0	0	125.0	0.9	11.3	16.1	28.4
8.465	baseline	40.0	75	0.209	0.130	0.292	0.818	0.000	0.000	0.005	0.000	0.997	CRUISE	-	0.280	0.240	0.212	0	0	-32	1	0	0	125.1	0.9	11.3	16.2	28.4
8.505	baseline	40.1	75	0.249	0.168	0.415	0.812	0.000	0.000	0.003	0.000	0.998	CRUISE	-	0.204	0.136	0.172	0	0	-32	1	0	0	125.1	0.9	11.4	16.4	28.7
8.545	baseline	40.4	75	0.190	0.156	0.285	0.809	0.000	0.000	0.003	0.000	0.999	CRUISE	-	0.208	0.113	0.136	0	0	-32	1	0	0	125.2	0.9	11.7	16.0	28.6
8.586	baseline	40.3	75	0.161	0.124	0.185	0.806	0.000	0.000	0.002	0.000	0.999	CRUISE	-	0.230	0.129	0.148	0	0	-32	1	0	0	125.2	0.9	11.7	15.7	28.4
8.626	baseline	40.1	75	0.131	0.094	0.135	0.804	0.000	0.000	0.001	0.000	0.999	CRUISE	-	0.253	0.129	0.133	0	0	-32	1	0	0	125.2	0.9	11.4	16.0	28.4
8.690	baseline	63.9	77	0.107	0.075	0.094	0.803	0.000	0.000	0.001	0.000	0.999	CRUISE	-	0.243	0.117	0.148	0	0	-32	1	0	0	125.2	0.9	12.4	16.8	30.1
8.732	baseline	41.9	77	0.095	0.070	0.074	0.802	0.000	0.000	0.001	0.000	1.000	CRUISE	-	0.283	0.128	0.216	0	0	-32	1	0	0	125.2	0.9	11.4	16.4	28.8
8.772	baseline	40.5	77	0.105	0.067	0.070	0.801	0.000	0.000	0.001	0.000	1.000	CRUISE	-	0.230	0.150	0.171	0	0	-32	1	0	0	125.2	1.0	11.6	16.2	28.8
8.813	baseline	40.5	77	0.135	0.065	0.071	0.801	0.000	0.000	0.000	0.000	1.000	CRUISE	-	0.230	0.124	0.169	0	0	-32	1	0	0	125.2	0.9	11.8	16.4	29.2
8.853	baseline	40.9	77	0.167	0.064	0.095	0.801	0.000	0.000	0.000	0.000	1.000	CRUISE	-	0.236	0.126	0.176	0	0	-32	1	0	0	125.2	0.9	11.7	15.8	28.5
8.894	baseline	40.1	77	0.184	0.062	0.107	0.801	0.000	0.000	0.000	0.000	1.000	CRUISE	-	0.317	0.220	0.260	0	0	-32	1	0	0	125.2	0.8	11.3	16.0	28.2
8.946	baseline	52.4	78	0.165	0.063	0.113	0.800	0.000	0.000	0.000	0.000	1.000	CRUISE	-	0.251	0.142	0.247	0	0	-32	1	0	0	125.2	0.9	12.1	43.0	56.1
9.021	baseline	75.5	78	0.156	0.080	0.118	2.545	0.000	0.000	0.000	0.000	1.000	CRUISE	-	4.599	5.733	5.629	0	0	-36	1	0	0	122.4	1.7	13.4	20.3	35.5
9.069	baseline	47.4	78	0.558	0.399	0.324	2.545	0.000	0.000	0.000	0.000	1.000	CRUISE	-	4.518	5.304	3.212	0	0	-40	1	0	0	114.9	0.9	12.0	17.0	29.9
9.110	baseline	41.5	78	1.359	0.775	0.566	2.022	0.000	0.000	0.000	0.000	1.000	CRUISE	-	1.227	1.503	2.017	0	0	-40	1	0	0	114.4	0.8	12.0	16.5	29.4
9.154	baseline	43.5	78	1.759	0.747	0.686	1.655	0.052	0.000	0.000	0.000	1.000	CRUISE	-	0.255	0.219	0.172	0	0	-40	1	0	0	114.4	1.0	11.6	16.4	29.1
9.195	baseline	40.7	78	1.410	0.523	0.437	1.399	0.006	0.000	0.000	0.000	1.000	CRUISE	-	0.285	0.193	0.183	0	0	-40	1	0	0	114.4	0.9	12.2	18.7	31.9
9.238	baseline	43.7	78	0.755	0.318	0.259	1.219	0.000	0.000	0.000	0.000	1.000	CRUISE	-	0.639	0.559	0.705	0	0	-40	1	0	0	114.2	0.9	11.5	16.6	29.1
9.280	baseline	41.3	78	0.427	0.195	0.170	1.093	0.000	0.000	0.000	0.000	1.000	CRUISE	-	0.431	0.440	0.439	0	0	-40	1	0	0	114.1	0.9	11.5	16.2	28.6
9.320	baseline	40.3	78	0.317	0.133	0.128	1.005	0.000	0.000	0.000	0.000	1.000	CRUISE	-	0.288	0.247	0.184	0	0	-40	1	0	0	114.1	0.9	11.8	16.1	28.7
9.360	baseline	40.3	78	0.263	0.102	0.113	0.944	0.000	0.000	0.000	0.000	1.000	CRUISE	-	0.320	0.239	0.203	0	0	-40	1	0	0	114.0	0.8	11.6	16.2	28.7
9.401	baseline	40.6	78	0.233	0.081	0.106	0.901	0.000	0.000	0.000	0.000	1.000	CRUISE	-	0.244	0.138	0.147	0	0	-40	1	0	0	114.0	1.0	11.7	16.3	29.1
9.441	baseline	40.4	78	0.218	0.070	0.085	0.870	0.000	0.000	0.000	0.000	1.000	CRUISE	-	0.377	0.420	0.364	0	0	-40	1	0	0	113.5	0.9	11.5	16.0	28.4
9.493	baseline	51.8	79	0.225	0.078	0.075	0.849	0.000	0.000	0.000	0.000	1.000	CRUISE	-	0.361	0.299	0.320	0	0	-40	1	0	0	113.8	0.9	11.5	16.2	28.6
9.533	baseline	40.3	79	0.233	0.139	0.083	0.835	0.000	0.000	0.000	0.000	1.000	CRUISE	-	0.234	0.146	0.149	0	0	-40	1	0	0	113.8	0.8	11.3	16.4	28.5
9.574	baseline	40.4	79	0.233	0.113	0.131	0.824	0.000	0.000	0.000	0.000	1.000	CRUISE	-	0.232	0.152	0.160	0	0	-40	1	0	0	113.9	1.0	11.6	16.4	28.9
9.614	baseline	40.6	79	0.187	0.134	0.155	0.817	0.000	0.000	0.000	0.000	1.000	CRUISE	-	0.237	0.140	0.140	0	0	-40	1	0	0	113.9	0.9	11.6	16.0	28.6
9.654	baseline	40.3	79	0.153	0.100	0.116	0.812	0.000	0.000	0.000	0.000	1.000	CRUISE	-	0.229	0.132	0.147	0	0	-40	1	0	0	114.0	0.9	11.6	15.7	28.2
9.754	baseline	100.1	84	0.112	0.084	0.092	0.808	0.000	0.000	0.000	0.000	1.000	CRUISE	-	0.283	0.128	0.164	0	0	-40	1	0	0	114.0	1.0	13.5	17.4	32.0
9.798	baseline	43.6	84	0.092	0.075	0.079	0.806	0.000	0.000	0.000	0.000	1.000	CRUISE	-	0.333	0.251	0.327	0	0	-40	1	0	0	114.0	0.9	11.7	16.4	28.9
9.839	baseline	40.7	84	0.104	0.073	0.085	0.804	0.000	0.000	0.000	0.000	1.000	CRUISE	-	0.236	0.163	0.204	0	0	-40	1	0	0	114.1	0.9	11.5	16.5	28.9
9.879	baseline	40.6	84	0.111	0.072	0.088	0.803	0.000	0.000	0.000	0.000	1.000	CRUISE	-	0.210	0.127	0.144	0	0	-40	1	0	0	114.1	0.9	11.8	16.2	28.9
9.920	baseline	40.5	84	0.126	0.071	0.078	0.802	0.000	0.000	0.000	0.000	1.000	CRUISE	-	0.230	0.115	0.155	0	0	-40	1	0	0	114.1	0.9	11.5	16.2	28.7
9.960	baseline	40.5	84	0.134	0.057	0.073	0.801	0.000	0.000	0.000	0.000	1.000	CRUISE	-	0.330	0.216	0.258	0	0	-40	1	0	0	114.1	1.0	11.2	15.8	28.1
10.000	baseline	39.6	84	0.138	0.052	0.084	0.801	0.000	0.000	0.000	0.000	1.000	CRUISE	-	0.280	0.162	0.204	0	0	-40	1	0	0	114.2	0.9	11.3	16.0	28.1
10.040	baseline	39.8	84	0.146	0.049	0.094	2.545	0.000	0.000	0.000	0.000	1.000	CRUISE	-	4.786	4.818	4.615	0	0	-36	1	0	0	114.4	0.9	11.4	16.3	28.7
10.080	baseline	40.3	84	1.183	0.685	0.689	2.022	0.000	0.000	0.000	0.000	1.000	CRUISE	-	5.657	6.087	5.391	0	0	-36	1	0	0	116.3	0.9	11.8	16.1	28.8
10.121	baseline	40.5	84	1.701	1.141	1.681	1.655	0.023	0.013	0.000	0.000	1.000	CRUISE	-	7.013	10.104	5.382	0	0	-36	1	0	0	119.2	1.0	11.8	15.8	28.6
10.161	baseline	40.2	84	1.829	2.693	2.239	2.109	0.292	0.292	0.000	0.000	1.000	CRUISE	-	4.169	7.273	5.095	0	0	-33	1	0	0	122.8	0.9	11.5	17.4	29.8
10.203	baseline	41.5	84	1.893	3.893	2.623	1.716	1.000	1.000	0.595	0.000	0.375	CRUISE	DNp06_right=1,DNp03_left=1,DNp06_left=1,DNp01_right=2,DNp01_left=2	7.176	10.461	6.900	0	0	-33	1	0	0	124.4	0.9	11.9	17.9	30.7
10.245	baseline	42.4	84	1.881	4.069	2.913	1.441	1.000	1.000	0.893	0.000	0.000	ESCAPE	DNp06_right=1,DNp03_left=1,DNp06_left=1,DNp01_right=2,DNp01_left=1	0.305	0.314	0.238	0	0	-33	1	0	0	124.4	0.9	11.6	18.5	31.0
10.288	baseline	42.8	84	1.826	2.709	3.059	1.249	0.730	0.905	1.000	0.208	0.000	ESCAPE	DNp06_right=2,DNp03_left=1,DNp06_left=1,DNp01_right=1,DNp01_left=2	0.242	0.142	0.192	0	0	-33	1	0	0	124.4	0.9	11.7	18.2	30.9
10.330	baseline	42.6	84	1.008	1.412	1.587	1.114	0.149	0.236	0.986	0.156	0.000	ESCAPE	DNp01_right=1	0.315	0.210	0.256	0	0	-33	1	0	0	124.5	1.0	11.6	16.9	29.5
10.372	baseline	41.4	84	0.600	0.763	0.850	1.236	0.000	0.000	0.739	0.117	0.070	ESCAPE	-	1.308	1.258	1.250	0	0	-32	1	0	0	124.5	0.9	11.5	16.9	29.4
10.413	baseline	41.1	84	0.658	0.442	0.946	1.105	0.000	0.000	0.555	0.088	0.302	ESCAPE	-	0.190	0.128	0.183	0	0	-32	1	0	0	124.6	0.9	11.9	17.6	30.5
10.455	baseline	42.3	84	0.716	0.288	0.994	1.673	0.000	0.000	0.416	0.066	0.477	ESCAPE	-	1.554	0.722	1.282	0	0	-30	1	0	0	124.9	0.9	12.3	17.3	30.5
10.497	baseline	42.3	84	0.855	0.323	0.962	1.411	0.000	0.000	0.312	0.049	0.608	ESCAPE	-	7.657	8.456	7.657	0	0	-30	1	0	0	126.8	0.9	12.3	17.3	30.6
# PHASE live starts t=10.54 - SPACE marks a swat, Q quits
10.540	live	42.4	84	1.172	0.546	0.946	1.228	0.000	0.000	0.234	0.037	0.706	ESCAPE	-	4.072	3.798	3.716	0	0	-30	1	0	0	127.4	0.9	11.5	17.0	29.5
10.581	live	41.3	84	2.642	0.943	1.234	4.727	0.000	0.000	0.175	0.028	0.779	ESCAPE	-	6.291	5.673	6.763	0	0	-21	1	0	0	129.1	0.9	11.5	16.1	28.6
10.621	live	40.3	84	3.377	1.611	2.011	3.549	0.000	0.000	0.132	0.021	0.834	ESCAPE	-	4.247	3.550	5.976	0	0	-21	1	0	0	131.4	0.9	11.7	16.2	28.9
10.662	live	40.6	84	3.218	1.944	2.400	2.724	0.247	0.000	0.099	0.016	0.876	ESCAPE	-	6.756	2.979	6.325	0	0	-18	1	0	0	131.2	1.0	11.5	16.5	29.1
10.703	live	40.7	84	2.787	2.350	2.551	2.147	0.320	0.202	0.223	0.012	0.907	ESCAPE	DNp01_left=1	0.328	0.321	0.377	0	0	-18	1	0	0	131.3	0.9	11.5	17.3	29.7
10.791	live	88.5	88	2.178	1.193	2.562	1.743	0.217	0.410	0.316	0.009	0.930	ESCAPE	DNp01_right=1	0.322	0.348	0.394	0	0	-18	1	0	0	131.5	0.9	12.8	17.6	31.3
10.834	live	43.1	88	1.157	0.676	1.438	1.460	0.000	0.000	0.237	0.007	0.948	ESCAPE	-	0.874	0.652	0.826	0	0	-18	1	0	0	131.5	1.0	11.6	17.9	30.5
10.876	live	42.2	88	0.615	0.417	0.875	1.262	0.000	0.000	0.178	0.005	0.961	ESCAPE	-	1.042	0.697	0.927	0	0	-17	1	0	0	131.2	0.9	11.5	16.7	29.2
10.917	live	40.8	88	0.376	0.339	0.687	1.123	0.000	0.000	0.133	0.004	0.971	ESCAPE	-	1.762	1.338	1.379	0	0	-17	1	0	0	130.6	0.8	11.8	16.4	29.0
10.958	live	40.7	88	0.255	0.312	0.605	1.236	0.000	0.000	0.100	0.003	0.978	ESCAPE	-	1.674	1.129	1.362	0	0	-16	1	0	0	129.9	0.9	11.8	16.3	28.9
10.998	live	40.7	88	0.206	0.343	0.664	1.105	0.000	0.000	0.075	0.002	0.983	ESCAPE	-	6.518	5.350	4.829	0	0	-16	1	0	0	128.6	0.9	11.3	16.8	29.1
11.040	live	41.2	88	0.414	0.460	1.646	1.014	0.000	0.316	0.056	0.002	0.988	ESCAPE	-	3.305	2.760	2.267	0	0	-16	1	0	0	127.9	0.9	11.5	16.5	28.9
11.080	live	40.6	88	0.518	0.563	2.138	1.236	0.000	0.451	0.191	0.001	0.991	ESCAPE	DNp01_right=1	2.096	1.490	1.549	0	0	-15	1	0	0	127.8	0.9	11.8	17.1	29.8
11.122	live	41.5	88	0.430	0.614	1.689	1.105	0.000	0.292	0.143	0.001	0.993	ESCAPE	-	2.997	2.454	2.026	0	0	-15	1	0	0	127.8	0.9	12.2	18.4	31.5
11.165	live	43.2	88	0.386	0.640	1.465	1.236	0.000	0.114	0.107	0.001	0.995	ESCAPE	-	4.662	3.487	3.040	0	0	-14	1	0	0	128.0	0.9	12.0	17.2	30.1
11.207	live	41.9	88	0.404	0.767	1.794	1.105	0.000	0.345	0.229	0.000	0.996	ESCAPE	DNp01_right=1	5.412	4.616	3.662	0	0	-14	1	0	0	128.0	0.9	12.0	17.5	30.4
11.249	live	42.1	88	0.552	0.971	2.451	1.014	0.000	0.719	0.321	0.209	0.789	ESCAPE	DNp06_right=1,DNp01_right=1	6.037	5.104	4.215	0	0	-14	1	0	0	128.3	0.9	12.0	18.2	31.1
11.292	live	42.9	88	0.626	1.072	2.779	1.673	0.000	0.553	0.389	0.365	0.633	ESCAPE	DNp06_right=1,DNp01_right=1	4.410	3.571	2.907	0	0	-12	1	0	0	128.7	0.9	12.1	18.6	31.7
11.335	live	43.4	88	0.654	0.886	2.310	1.411	0.000	0.450	0.441	0.482	0.517	ESCAPE	DNp06_right=1,DNp01_right=1	7.235	6.193	4.401	0	0	-12	1	0	0	129.0	0.9	12.2	18.8	31.9
11.379	live	43.7	88	0.667	0.792	2.075	1.673	0.000	0.201	0.479	0.361	0.637	ESCAPE	DNp01_right=1	5.514	5.411	4.172	0	0	-10	1	0	0	129.4	0.9	12.2	18.2	31.3
11.422	live	43.0	88	0.730	0.766	2.294	1.411	0.000	0.441	0.508	0.479	0.520	ESCAPE	DNp06_right=1,DNp01_right=1	6.793	5.894	3.960	0	0	-10	1	0	0	129.9	0.9	12.0	17.5	30.4
11.464	live	42.2	88	0.761	0.753	2.527	2.109	0.000	0.209	0.530	0.360	0.640	ESCAPE	DNp01_right=1	4.330	3.726	3.156	0	0	-7	1	0	0	130.3	1.0	11.6	17.3	29.9
11.530	live	65.5	90	0.494	0.704	2.644	1.716	0.000	0.464	0.546	0.478	0.522	ESCAPE	DNp06_right=1,DNp01_right=1	6.252	5.506	3.121	0	0	-7	1	0	0	130.6	0.9	12.4	18.0	31.4
11.573	live	43.2	90	0.360	0.680	2.850	1.441	0.000	0.704	0.559	0.567	0.433	AVOID_LEFT	DNp06_right=1,DNp01_right=1	3.470	2.856	1.669	0	0	-7	1	0	0	130.7	1.0	12.0	18.0	31.0
11.616	live	42.7	90	0.355	0.782	2.674	1.249	0.000	0.713	0.717	0.633	0.366	AVOID_LEFT	DNp06_right=1,DNp01_right=2	1.458	1.275	0.658	0	0	-7	1	0	0	130.7	0.9	11.8	17.7	30.5
11.658	live	42.4	90	0.352	0.832	2.586	1.114	0.000	0.736	0.686	0.683	0.316	AVOID_LEFT	DNp06_right=1,DNp01_right=1	0.864	0.736	0.503	0	0	-7	1	0	0	130.8	1.1	11.5	17.8	30.5
11.700	live	41.9	90	0.269	0.689	1.733	1.020	0.000	0.357	0.663	0.513	0.487	AVOID_LEFT	DNp01_right=1	0.656	0.569	0.442	0	0	-7	1	0	0	130.5	0.9	11.7	16.9	29.5
11.838	live	138.4	98	0.222	0.445	1.029	0.954	0.000	0.038	0.498	0.384	0.615	AVOID_LEFT	-	0.189	0.099	0.211	0	0	-7	1	0	0	129.9	1.3	15.9	20.0	37.3
11.887	live	48.8	98	0.199	0.323	0.677	1.236	0.000	0.000	0.373	0.288	0.712	AVOID_LEFT	-	3.118	2.271	1.481	0	0	-6	1	0	0	127.4	1.0	12.8	16.9	30.8
11.929	live	42.4	98	0.256	0.368	0.634	1.105	0.000	0.000	0.280	0.216	0.784	AVOID_LEFT	-	6.547	7.109	3.729	0	0	-6	1	0	0	127.3	0.9	11.5	16.1	28.6
11.970	live	40.2	98	0.412	0.711	1.700	1.014	0.000	0.343	0.210	0.162	0.838	AVOID_LEFT	-	5.230	4.470	2.177	0	0	-6	1	0	0	127.3	0.9	11.4	17.2	29.5
12.011	live	41.3	98	0.489	1.166	2.233	1.673	0.000	0.280	0.306	0.122	0.878	AVOID_LEFT	DNp01_right=1	3.050	2.129	1.859	0	0	-4	1	0	0	127.3	0.9	11.7	16.9	29.6
12.052	live	41.3	98	0.607	1.393	1.645	1.411	0.000	0.117	0.230	0.091	0.909	AVOID_LEFT	-	4.590	3.944	1.671	0	0	-4	1	0	0	127.3	0.9	11.9	16.8	29.7
12.094	live	41.3	98	0.666	1.339	1.351	2.545	0.000	0.000	0.172	0.068	0.932	AVOID_LEFT	-	5.343	8.105	5.925	0	0	0	1	0	0	127.2	0.9	11.3	16.5	28.7
12.134	live	40.5	98	1.372	1.312	1.474	2.022	0.000	0.000	0.129	0.051	0.949	AVOID_LEFT	-	5.686	12.780	4.305	0	0	0	1	0	0	127.7	0.9	11.4	16.8	29.2
12.175	live	40.8	98	2.071	2.240	1.732	1.655	0.292	0.292	0.097	0.038	0.962	CRUISE	-	1.505	1.486	0.401	0	0	0	1	0	0	127.8	0.9	11.4	17.5	29.9
12.216	live	41.6	98	2.420	2.703	1.665	1.399	0.652	0.652	0.519	0.029	0.554	CRUISE	DNp06_right=1,DNp06_left=1,DNp01_right=2,DNp01_left=1	1.334	1.273	1.258	0	0	1	1	0	0	127.8	1.0	11.9	17.9	30.8
12.259	live	42.4	98	1.651	1.653	1.099	1.219	0.217	0.217	0.538	0.022	0.666	CRUISE	DNp01_left=1	0.183	0.205	0.134	0	0	1	1	0	0	127.8	0.9	11.3	17.3	29.5
12.300	live	40.8	98	1.040	1.110	0.816	1.093	0.008	0.008	0.404	0.016	0.749	CRUISE	-	1.503	1.170	0.509	0	0	1	1	0	0	127.7	0.9	11.4	17.6	30.0
12.341	live	41.5	98	0.961	0.857	0.675	2.982	0.000	0.000	0.303	0.012	0.812	CRUISE	-	3.244	3.645	5.675	0	0	6	1	0	0	127.4	1.0	11.5	16.7	29.3
12.382	live	40.9	98	1.390	1.114	0.824	2.327	0.000	0.000	0.227	0.009	0.859	CRUISE	-	5.219	12.933	5.688	0	0	6	1	0	0	125.1	0.9	11.5	16.1	28.5
12.422	live	40.1	98	1.694	3.244	0.898	1.869	0.688	0.688	0.468	0.007	0.894	CRUISE	DNp01_right=1,DNp01_left=1	4.115	4.112	2.037	0	0	6	1	0	0	124.1	0.9	11.4	17.9	30.2
12.464	live	42.0	98	1.847	2.308	0.811	1.673	0.318	0.318	0.649	0.005	0.504	CRUISE	DNp06_right=1,DNp06_left=1,DNp01_right=1,DNp01_left=1	1.491	2.031	2.420	0	0	8	1	0	0	123.4	1.0	11.5	17.6	30.2
12.506	live	41.8	98	1.461	1.743	0.711	1.411	0.166	0.166	0.486	0.004	0.628	CRUISE	-	6.648	4.425	2.160	0	0	8	1	0	0	122.0	1.0	11.7	17.5	30.2
12.548	live	41.9	98	1.155	1.460	0.660	1.236	0.112	0.112	0.365	0.003	0.721	CRUISE	-	0.689	0.927	1.130	0	0	9	1	0	0	121.9	0.9	11.8	16.5	29.3
12.589	live	41.2	98	1.003	1.319	0.538	1.105	0.107	0.107	0.274	0.002	0.791	CRUISE	-	1.960	1.004	0.555	0	0	9	1	0	0	121.6	0.9	11.5	16.2	28.7
12.629	live	40.3	98	0.902	1.292	0.477	1.014	0.139	0.139	0.205	0.002	0.843	CRUISE	-	3.264	1.845	0.886	0	0	9	1	0	0	121.3	0.9	11.4	16.5	28.9
12.670	live	40.5	98	0.851	1.934	0.384	1.236	0.349	0.349	0.154	0.001	0.882	CRUISE	-	5.041	4.479	2.031	0	0	10	1	0	0	119.9	0.9	11.2	17.0	29.1
12.711	live	40.8	98	1.065	3.154	0.338	1.105	1.000	1.000	0.711	0.001	0.287	CRUISE	DNp06_right=1,DNp03_left=1,DNp06_left=1,DNp01_right=2,DNp01_left=2	3.081	1.658	0.923	0	0	10	1	0	0	119.3	0.9	11.6	18.6	31.2
12.753	live	42.9	98	1.172	3.763	0.310	1.236	1.000	1.000	1.000	0.001	0.000	CRUISE	DNp06_right=1,DNp03_left=1,DNp06_left=1,DNp01_right=2,DNp01_left=2	1.793	0.927	0.853	0	0	11	1	0	0	118.8	0.9	11.7	18.3	31.0
12.796	live	42.7	98	1.085	2.804	0.289	1.105	0.849	0.849	1.000	0.209	0.000	AVOID_LEFT	DNp06_right=2,DNp06_left=1,DNp01_right=2,DNp01_left=1	5.223	3.128	1.792	0	0	11	1	0	0	118.0	0.9	11.3	18.1	30.3
12.886	live	90.1	102	1.041	1.937	0.279	2.545	0.000	0.000	1.000	0.157	0.000	AVOID_LEFT	DNp01_left=1	3.457	4.524	4.732	0	0	15	1	0	0	117.7	1.0	13.5	17.9	32.5
12.930	live	44.1	102	1.208	1.289	0.274	2.022	0.000	0.000	0.839	0.117	0.159	AVOID_LEFT	-	7.984	9.275	5.113	0	0	15	1	0	0	112.7	0.9	11.9	16.4	29.2
12.971	live	41.0	102	1.577	0.964	0.659	1.655	0.000	0.000	0.629	0.088	0.369	AVOID_LEFT	-	2.824	1.383	1.235	0	0	16	1	0	0	112.5	1.0	11.5	16.6	29.1
13.012	live	40.7	102	1.761	0.802	0.852	1.399	0.181	0.000	0.472	0.066	0.527	AVOID_LEFT	-	0.186	0.295	0.269	0	0	16	1	0	0	113.0	0.9	12.1	16.8	29.8
13.053	live	41.5	102	1.350	0.542	0.750	1.236	0.057	0.000	0.354	0.050	0.645	CRUISE	-	1.328	1.242	1.210	0	0	17	1	0	0	113.5	1.0	12.3	16.4	29.7
13.095	live	41.4	102	1.145	0.343	0.474	1.105	0.020	0.000	0.265	0.037	0.734	CRUISE	-	0.303	0.208	0.252	0	0	17	1	0	0	114.0	0.9	11.7	16.5	29.1
13.136	live	40.9	102	1.207	0.312	0.336	1.014	0.097	0.000	0.199	0.028	0.800	CRUISE	-	7.080	4.489	1.818	0	0	17	1	0	0	113.4	0.9	11.4	16.4	28.8
13.176	live	40.4	102	2.361	0.316	0.491	1.236	0.562	0.000	0.298	0.021	0.850	CRUISE	DNp01_left=1	2.164	0.895	1.014	0	0	18	1	0	0	112.8	0.9	11.9	16.8	29.7
13.218	live	41.5	102	2.938	0.419	0.569	1.105	0.916	0.000	0.372	-0.193	0.471	AVOID_RIGHT	DNp03_left=1,DNp06_left=1,DNp01_left=1	2.794	0.798	0.539	0	0	18	1	0	0	112.4	1.0	11.8	17.3	30.1
13.259	live	41.7	102	2.307	0.428	0.594	1.014	0.647	0.000	0.428	-0.353	0.395	AVOID_RIGHT	DNp06_left=1,DNp01_left=1	2.155	0.840	0.829	0	0	18	1	0	0	112.2	0.9	11.3	17.4	29.6
13.300	live	40.7	102	1.779	0.432	0.446	0.950	0.415	0.000	0.470	-0.473	0.338	AVOID_RIGHT	DNp06_left=1,DNp01_left=1	0.378	0.327	0.287	0	0	18	1	0	0	112.7	0.9	11.5	17.0	29.4
13.341	live	40.9	102	1.356	0.281	0.373	0.905	0.226	0.000	0.352	-0.355	0.503	AVOID_RIGHT	-	0.181	0.213	0.252	0	0	18	1	0	0	113.2	0.9	11.8	17.4	30.2
13.383	live	41.9	102	0.768	0.203	0.295	0.873	0.000	0.000	0.264	-0.266	0.628	AVOID_RIGHT	-	0.424	0.317	0.314	0	0	18	1	0	0	114.5	0.9	11.5	16.0	28.4
13.435	live	52.0	103	0.475	0.164	0.256	0.851	0.000	0.000	0.198	-0.200	0.721	AVOID_RIGHT	-	0.556	0.724	0.566	0	0	18	1	0	0	115.7	0.9	11.6	16.4	28.8
13.476	live	40.6	103	0.335	0.145	0.353	0.836	0.000	0.000	0.149	-0.150	0.791	AVOID_RIGHT	-	0.289	0.210	0.237	0	0	18	1	0	0	116.0	1.0	11.8	16.3	29.2
13.516	live	40.8	103	0.268	0.190	0.402	0.825	0.000	0.000	0.112	-0.112	0.843	AVOID_RIGHT	-	0.312	0.224	0.243	0	0	18	1	0	0	116.1	0.9	11.5	16.0	28.5
13.556	live	40.0	103	0.232	0.152	0.287	0.818	0.000	0.000	0.084	-0.084	0.882	AVOID_RIGHT	-	0.254	0.231	0.231	0	0	18	1	0	0	116.2	0.9	11.7	16.0	28.6
13.597	live	40.3	103	0.216	0.129	0.217	0.812	0.000	0.000	0.063	-0.063	0.912	AVOID_RIGHT	-	0.469	0.286	0.295	0	0	18	1	0	0	116.4	0.9	11.4	16.2	28.5
13.637	live	40.2	103	0.196	0.117	0.182	0.809	0.000	0.000	0.047	-0.047	0.934	CRUISE	-	0.405	0.270	0.260	0	0	18	1	0	0	116.5	0.9	11.2	17.3	29.5
13.678	live	41.3	103	0.199	0.127	0.147	0.806	0.000	0.000	0.035	-0.036	0.950	CRUISE	-	0.336	0.185	0.258	0	0	18	1	0	0	116.6	0.9	11.7	16.4	29.1
13.719	live	40.8	103	0.201	0.143	0.162	0.804	0.000	0.000	0.026	-0.027	0.963	CRUISE	-	1.076	0.289	0.267	0	0	18	1	0	0	117.0	0.9	11.8	16.2	28.9
13.760	live	40.6	103	0.217	0.162	0.137	0.803	0.000	0.000	0.020	-0.020	0.972	CRUISE	-	2.164	0.533	0.552	0	0	18	1	0	0	117.4	0.9	11.6	16.6	29.1
13.800	live	40.8	103	0.617	0.190	0.157	1.673	0.000	0.000	0.015	-0.015	0.979	CRUISE	-	6.743	3.441	2.561	0	0	16	1	0	0	119.9	0.9	11.5	15.8	28.3
13.962	live	162.2	113	0.818	0.204	0.151	1.411	0.000	0.000	0.011	-0.011	0.984	CRUISE	-	0.330	0.131	0.374	0	0	16	1	0	0	120.0	1.2	14.6	18.7	34.6
14.009	live	46.0	113	1.021	0.271	0.236	2.109	0.000	0.000	0.008	-0.008	0.988	CRUISE	-	3.402	3.665	3.650	0	0	13	1	0	0	120.4	0.9	12.0	16.5	29.5
14.050	live	41.2	113	1.626	0.501	0.191	1.716	0.000	0.000	0.006	-0.006	0.991	CRUISE	-	6.834	6.066	2.587	0	0	13	1	0	0	122.8	0.9	11.9	16.1	28.9
14.090	live	40.6	113	1.946	0.667	0.672	2.109	0.000	0.000	0.005	-0.005	0.993	CRUISE	-	4.091	3.230	3.264	0	0	10	1	0	0	125.2	1.0	11.4	16.0	28.5
14.131	live	39.9	113	2.367	0.750	0.434	1.716	0.325	0.000	0.004	-0.004	0.995	CRUISE	-	7.535	5.579	2.507	0	0	10	1	0	0	126.8	0.9	11.4	16.9	29.2
14.172	live	41.0	113	2.727	0.874	0.630	2.982	0.000	0.000	0.003	-0.003	0.996	CRUISE	-	5.133	4.221	5.192	0	0	5	1	0	0	128.9	0.8	11.5	16.3	28.7
14.212	live	40.4	113	2.891	0.936	0.728	2.327	0.282	0.000	0.002	-0.002	0.997	CRUISE	-	5.629	6.367	3.336	0	0	5	1	0	0	128.5	0.9	11.5	16.5	29.0
14.253	live	40.7	113	2.989	0.886	0.777	1.869	0.560	0.000	0.150	-0.210	0.790	AVOID_RIGHT	DNp06_left=1,DNp01_left=1	2.750	1.742	0.841	0	0	5	1	0	0	128.1	0.9	11.8	17.1	29.8
14.294	live	41.5	113	3.022	0.861	1.226	1.673	0.675	0.000	0.262	-0.157	0.634	AVOID_RIGHT	DNp03_left=1,DNp01_left=1	4.385	5.126	2.292	0	0	3	1	0	0	127.6	1.0	11.5	17.3	29.8
14.336	live	41.5	113	2.627	1.398	1.454	1.411	0.608	0.022	0.345	-0.326	0.517	AVOID_RIGHT	DNp06_left=1,DNp01_left=1	6.058	4.877	1.393	0	0	3	1	0	0	127.7	1.0	11.5	17.9	30.4
14.378	live	42.1	113	1.940	1.666	1.568	1.673	0.134	0.000	0.408	-0.245	0.638	AVOID_RIGHT	DNp01_left=1	5.283	5.094	2.209	0	0	1	1	0	0	126.8	0.9	11.5	16.7	29.2
14.431	live	52.7	114	2.019	1.786	1.093	1.411	0.304	0.188	0.306	-0.184	0.728	AVOID_RIGHT	-	3.866	3.281	1.724	0	0	1	1	0	0	127.2	0.9	11.8	17.1	29.8
14.472	live	41.5	114	1.716	1.847	0.790	1.228	0.309	0.309	0.378	-0.346	0.588	AVOID_RIGHT	DNp06_left=1,DNp01_left=1	2.434	1.930	0.466	0	0	1	1	0	0	126.6	0.8	11.5	17.8	30.2
14.514	live	42.1	114	1.564	1.877	0.636	1.236	0.320	0.320	0.432	-0.051	0.483	AVOID_RIGHT	DNp06_right=1,DNp01_right=1	1.085	0.613	0.907	0	0	0	1	0	0	126.0	1.0	11.9	17.6	30.5
14.556	live	42.2	114	1.078	1.144	0.365	1.105	0.019	0.019	0.473	-0.038	0.612	CRUISE	DNp01_right=1	0.737	0.726	0.314	0	0	0	1	0	0	125.3	0.9	11.7	16.6	29.2
14.597	live	40.8	114	0.729	0.704	0.230	1.014	0.000	0.000	0.355	-0.029	0.709	CRUISE	-	0.331	0.303	0.368	0	0	0	1	0	0	124.1	0.9	11.7	17.1	29.7
14.639	live	41.5	114	0.555	0.448	0.230	0.950	0.000	0.000	0.266	-0.022	0.782	CRUISE	-	0.171	0.105	0.226	0	0	0	1	0	0	123.9	0.9	11.7	16.4	29.1
14.691	live	52.4	115	0.381	0.261	0.230	0.905	0.000	0.000	0.200	-0.016	0.836	CRUISE	-	0.416	0.353	0.303	0	0	0	1	0	0	123.6	0.9	11.6	16.2	28.8
14.732	live	40.5	115	0.225	0.167	0.193	0.873	0.000	0.000	0.150	-0.012	0.877	CRUISE	-	0.645	0.556	0.301	0	0	0	1	0	0	123.6	0.9	11.5	16.7	29.1
14.772	live	40.8	115	0.147	0.096	0.162	0.851	0.000	0.000	0.112	-0.009	0.908	CRUISE	-	0.556	0.421	0.293	0	0	0	1	0	0	123.5	0.9	11.8	16.9	29.7
14.814	live	41.4	115	0.150	0.061	0.127	0.836	0.000	0.000	0.084	-0.007	0.931	CRUISE	-	1.165	0.746	0.366	0	0	0	1	0	0	123.6	0.9	12.0	16.5	29.4
14.855	live	41.3	115	0.188	0.053	0.109	0.825	0.000	0.000	0.063	-0.005	0.948	CRUISE	-	5.039	9.967	2.981	0	0	0	1	0	0	123.7	1.0	11.6	16.1	28.8
14.895	live	40.4	115	1.844	1.637	0.149	0.818	0.513	0.410	0.196	-0.004	0.961	CRUISE	DNp01_left=1	4.721	13.299	4.990	0	0	0	1	0	0	122.7	0.9	11.6	17.8	30.4
14.997	live	102.1	120	2.672	2.429	0.214	3.418	0.000	0.000	0.147	-0.003	0.971	CRUISE	-	2.491	2.591	5.613	0	0	-6	1	0	0	122.7	1.0	13.1	17.7	31.7
15.041	live	43.6	120	3.086	2.825	0.364	2.633	0.227	0.096	0.110	-0.002	0.978	CRUISE	-	5.137	4.766	2.203	0	0	-6	1	0	0	123.1	1.0	11.8	17.0	29.8
15.083	live	41.3	120	2.860	2.326	1.238	2.083	0.388	0.122	0.083	-0.002	0.984	CRUISE	-	4.875	6.048	2.965	0	0	-6	1	0	0	123.6	0.9	11.8	17.2	29.9
15.124	live	41.4	120	2.802	3.023	1.676	2.982	0.021	0.021	0.062	-0.001	0.988	CRUISE	-	5.933	4.147	4.853	0	0	-11	1	0	0	124.0	0.9	11.4	16.8	29.1
15.165	live	40.8	120	2.718	3.372	1.260	2.327	0.522	0.522	0.344	-0.001	0.991	CRUISE	DNp01_right=1,DNp01_left=1	9.742	9.117	6.412	0	0	-11	1	0	0	124.5	0.9	11.3	17.7	30.0
15.206	live	41.6	120	2.731	3.546	0.744	2.109	0.719	0.719	0.556	-0.001	0.368	CRUISE	DNp06_right=1,DNp03_left=1,DNp06_left=1,DNp01_right=1,DNp01_left=1	5.126	4.566	4.411	0	0	-14	1	0	0	124.7	0.9	11.6	18.6	31.1
15.249	live	42.8	120	2.414	2.404	0.770	1.716	0.349	0.344	0.566	0.208	0.318	AVOID_LEFT	DNp06_right=1,DNp01_right=1	5.196	4.659	3.876	0	0	-14	1	0	0	124.4	0.9	12.0	17.6	30.5
15.291	live	42.3	120	1.540	1.832	0.499	1.441	0.195	0.195	0.573	0.156	0.488	AVOID_LEFT	DNp01_left=1	1.790	1.530	1.354	0	0	-14	1	0	0	124.5	0.9	11.2	17.0	29.2
15.332	live	40.8	120	1.104	1.529	0.647	1.249	0.140	0.140	0.579	0.117	0.616	AVOID_LEFT	DNp01_right=1	7.017	6.641	5.564	0	0	-14	1	0	0	124.1	0.8	11.6	17.5	30.0
15.374	live	41.8	120	1.512	1.378	0.572	2.982	0.000	0.000	0.434	0.088	0.712	AVOID_LEFT	-	5.175	6.016	4.840	0	0	-19	1	0	0	122.5	1.0	11.4	16.6	29.0
15.427	live	52.6	121	1.716	1.009	0.535	2.327	0.000	0.000	0.325	0.066	0.784	AVOID_LEFT	-	11.286	6.274	9.971	0	0	-19	1	0	0	121.7	0.9	11.7	16.6	29.2
15.468	live	41.0	121	1.466	0.825	0.516	1.869	0.000	0.000	0.244	0.049	0.838	CRUISE	-	1.140	0.705	1.467	0	0	-21	1	0	0	122.2	0.9	11.7	16.6	29.3
15.508	live	40.2	121	1.250	0.733	0.487	1.548	0.000	0.000	0.183	0.037	0.879	CRUISE	-	4.318	4.090	3.470	0	0	-21	1	0	0	122.8	0.9	11.5	16.4	28.9
15.548	live	40.6	121	0.876	0.580	0.473	1.673	0.000	0.000	0.137	0.028	0.909	CRUISE	-	4.369	4.048	3.793	0	0	-23	1	0	0	123.7	0.9	11.6	16.2	28.8
15.589	live	40.4	121	0.683	0.432	0.279	1.411	0.000	0.000	0.103	0.021	0.932	CRUISE	-	2.637	2.374	2.158	0	0	-23	1	0	0	124.3	0.9	11.8	16.5	29.3
15.630	live	41.0	121	0.592	0.429	0.182	1.228	0.000	0.000	0.077	0.016	0.949	CRUISE	-	5.461	4.987	4.589	0	0	-23	1	0	0	125.3	0.9	11.4	16.5	28.8
15.670	live	40.6	121	0.971	0.620	0.279	3.418	0.000	0.000	0.058	0.012	0.962	CRUISE	-	2.453	0.937	3.584	0	0	-29	1	0	0	126.3	0.9	11.4	16.1	28.5
15.711	live	40.2	121	1.402	1.183	1.265	2.633	0.000	0.000	0.043	0.009	0.971	CRUISE	-	7.551	6.293	7.184	0	0	-29	1	0	0	126.8	0.9	12.2	16.2	29.3
15.752	live	41.0	121	2.288	1.761	1.871	2.109	0.089	0.000	0.033	0.007	0.978	CRUISE	-	4.795	4.306	4.267	0	0	-32	1	0	0	125.6	0.9	12.0	16.5	29.5
15.793	live	41.1	121	2.730	2.051	2.191	1.716	0.507	0.238	0.322	0.005	0.984	CRUISE	DNp01_right=1,DNp01_left=1	4.238	4.538	4.030	0	0	-32	1	0	0	125.4	0.9	11.8	17.5	30.3
15.835	live	42.1	121	2.912	2.196	2.352	1.441	0.735	0.455	0.539	0.004	0.363	CRUISE	DNp06_right=1,DNp03_left=1,DNp06_left=1,DNp01_right=1,DNp01_left=1	4.518	4.396	4.624	0	0	-32	1	0	0	125.1	1.0	11.4	18.4	30.9
15.877	live	42.6	121	1.926	1.914	1.582	1.249	0.338	0.332	0.702	0.003	0.105	ESCAPE	DNp06_right=1,DNp06_left=1,DNp01_right=1,DNp01_left=1	0.706	0.653	0.649	0	0	-33	1	0	0	125.0	1.0	11.6	17.8	30.4
15.919	live	42.1	121	1.215	1.092	0.993	1.114	0.050	0.000	0.526	0.002	0.329	ESCAPE	-	1.595	2.005	2.147	0	0	-33	1	0	0	124.7	0.9	11.8	16.5	29.3
15.960	live	41.0	121	0.859	0.663	0.698	1.020	0.000	0.000	0.395	0.002	0.497	ESCAPE	-	1.494	1.420	1.413	0	0	-33	1	0	0	124.4	0.9	11.5	16.0	28.4
16.048	live	88.1	125	0.682	0.449	0.502	1.236	0.000	0.000	0.296	0.001	0.623	ESCAPE	-	3.625	3.369	3.255	0	0	-34	1	0	0	123.5	1.0	13.1	17.0	31.1
16.091	live	42.7	125	0.498	0.222	0.370	1.236	0.000	0.000	0.222	0.001	0.717	ESCAPE	-	3.051	2.793	2.618	0	0	-35	1	0	0	122.8	0.9	11.9	16.0	28.8
16.132	live	40.6	125	0.405	0.106	0.290	1.105	0.000	0.000	0.167	0.001	0.788	ESCAPE	-	1.620	1.542	1.467	0	0	-35	1	0	0	122.4	0.9	11.3	16.3	28.6
16.172	live	40.3	125	0.359	0.049	0.250	1.236	0.000	0.000	0.125	0.000	0.841	ESCAPE	-	1.154	1.181	1.201	0	0	-36	1	0	0	122.4	0.9	11.5	16.3	28.7
16.213	live	40.4	125	0.375	0.043	0.263	1.105	0.000	0.000	0.094	0.000	0.881	ESCAPE	-	1.127	1.353	1.642	0	0	-36	1	0	0	122.1	0.9	11.7	16.1	28.7
16.253	live	40.4	125	0.435	0.139	0.270	1.014	0.000	0.000	0.070	0.000	0.910	ESCAPE	-	0.527	0.523	0.558	0	0	-36	1	0	0	122.1	0.9	11.8	16.1	28.8
16.293	live	40.5	125	0.757	0.251	0.474	2.982	0.000	0.000	0.053	0.000	0.933	ESCAPE	-	5.896	5.341	5.146	0	0	-41	1	0	0	118.0	0.9	11.3	15.9	28.2
16.333	live	39.9	125	1.378	1.054	0.827	2.327	0.000	0.000	0.040	0.000	0.950	ESCAPE	-	3.380	6.463	3.529	0	0	-41	1	0	0	114.4	0.9	11.3	16.3	28.6
16.374	live	40.4	125	3.017	1.455	1.004	1.869	0.574	0.000	0.178	0.000	0.962	ESCAPE	DNp01_left=1	1.519	1.047	1.122	0	0	-43	1	0	0	113.9	0.9	11.5	17.2	29.6
16.427	live	53.3	126	3.837	1.646	0.868	1.548	1.000	0.049	0.283	-0.417	0.347	ESCAPE	DNp03_left=1,DNp06_left=2,DNp01_left=1	0.484	0.495	0.377	0	0	-43	1	0	0	111.9	1.0	11.7	17.9	30.5
16.469	live	41.6	126	2.236	0.987	0.641	1.324	0.456	0.000	0.510	-0.312	0.302	ESCAPE	DNp03_left=1,DNp01_left=2	0.316	0.244	0.239	0	0	-43	1	0	0	112.0	0.9	11.5	17.7	30.2
16.511	live	41.8	126	1.212	0.572	0.385	1.167	0.023	0.000	0.382	-0.234	0.476	ESCAPE	-	0.206	0.136	0.156	0	0	-43	1	0	0	112.0	0.9	11.8	16.9	29.6
16.552	live	41.3	126	0.699	0.365	0.253	1.057	0.000	0.000	0.287	-0.176	0.607	ESCAPE	-	0.208	0.135	0.148	0	0	-43	1	0	0	112.1	0.9	11.9	16.0	28.9
16.592	live	40.5	126	0.399	0.261	0.191	0.980	0.000	0.000	0.215	-0.132	0.705	ESCAPE	-	0.242	0.161	0.179	0	0	-43	1	0	0	112.1	0.9	11.4	15.8	28.2
16.632	live	39.9	126	0.249	0.187	0.141	0.926	0.000	0.000	0.161	-0.099	0.779	ESCAPE	-	0.233	0.132	0.155	0	0	-43	1	0	0	112.2	0.9	11.2	16.4	28.6
16.672	live	40.2	126	0.190	0.131	0.113	0.888	0.000	0.000	0.121	-0.074	0.834	ESCAPE	-	0.225	0.141	0.157	0	0	-43	1	0	0	112.2	0.9	11.6	15.9	28.4
16.724	live	51.9	127	0.161	0.101	0.080	0.862	0.000	0.000	0.091	-0.056	0.876	ESCAPE	-	0.323	0.261	0.327	0	0	-43	1	0	0	112.2	0.9	11.5	16.1	28.5
16.765	live	40.3	127	0.146	0.087	0.064	0.843	0.000	0.000	0.068	-0.042	0.907	ESCAPE	-	0.680	0.454	0.891	0	0	-43	1	0	0	112.5	0.9	11.2	16.5	28.7
16.805	live	40.4	127	0.173	0.083	0.167	1.673	0.000	0.000	0.051	-0.031	0.930	ESCAPE	-	3.347	2.428	3.414	0	0	-41	1	0	0	113.8	0.9	11.5	16.2	28.7
16.845	live	40.3	127	0.479	0.167	0.275	1.411	0.000	0.000	0.038	-0.023	0.948	ESCAPE	-	6.865	7.776	7.674	0	0	-41	1	0	0	115.7	0.9	11.9	16.0	28.9
16.886	live	40.5	127	0.909	0.265	0.388	2.109	0.000	0.000	0.029	-0.018	0.961	ESCAPE	-	4.344	5.960	5.576	0	0	-38	1	0	0	118.3	0.9	11.6	16.2	28.7
16.926	live	40.4	127	1.124	0.322	0.547	1.716	0.000	0.000	0.022	-0.013	0.971	ESCAPE	-	3.788	4.844	4.530	0	0	-38	1	0	0	119.1	0.9	11.5	16.2	28.6
16.967	live	40.3	127	0.775	0.343	0.679	1.441	0.000	0.000	0.016	-0.010	0.978	ESCAPE	-	0.464	0.353	0.323	0	0	-38	1	0	0	119.2	1.0	11.2	16.0	28.2
17.079	live	112.3	133	0.594	0.346	0.744	1.249	0.000	0.000	0.012	-0.007	0.983	ESCAPE	-	0.912	0.937	0.913	0	0	-37	1	0	0	119.4	1.1	14.9	18.5	34.6
17.125	live	46.3	133	0.504	0.348	0.835	4.291	0.000	0.000	0.009	-0.006	0.988	ESCAPE	-	9.519	10.540	7.517	0	0	-29	1	0	0	127.5	1.0	12.6	16.7	30.3
17.167	live	41.9	133	1.383	0.755	1.137	3.243	0.000	0.000	0.007	-0.004	0.991	ESCAPE	-	1.588	1.460	1.365	0	0	-29	1	0	0	127.5	0.9	11.5	16.0	28.4
17.207	live	40.1	133	1.823	0.959	1.288	2.510	0.000	0.000	0.005	-0.003	0.993	ESCAPE	-	0.558	0.676	0.843	0	0	-29	1	0	0	127.6	0.9	11.5	16.3	28.8
17.248	live	40.5	133	1.744	1.090	1.549	1.997	0.000	0.000	0.004	-0.002	0.995	CRUISE	-	6.446	7.496	5.576	0	0	-29	1	0	0	128.7	0.9	11.8	15.9	28.7
17.288	live	40.7	133	1.571	1.155	1.680	6.472	0.000	0.000	0.003	-0.002	0.996	CRUISE	-	16.787	14.480	15.552	0	0	-16	1	0	0	129.4	1.2	11.4	15.9	28.6
17.328	live	40.0	133	1.526	2.035	3.321	4.771	0.000	0.000	0.002	-0.001	0.997	CRUISE	-	4.512	4.545	7.930	0	0	-16	1	0	0	130.2	0.9	11.3	16.3	28.5
17.369	live	40.2	133	1.462	2.475	4.141	3.579	0.000	0.281	0.002	-0.001	0.998	CRUISE	-	0.333	0.266	0.358	0	0	-16	1	0	0	130.3	0.9	11.5	16.8	29.3
17.410	live	41.0	133	1.084	2.184	4.091	2.746	0.000	0.673	0.299	0.208	0.790	AVOID_LEFT	DNp06_right=1,DNp01_right=2	0.299	0.267	0.325	0	0	-16	1	0	0	130.4	0.9	11.7	17.2	29.9
17.451	live	41.6	133	0.628	1.186	2.178	2.162	0.000	0.008	0.224	0.156	0.843	AVOID_LEFT	-	0.384	0.306	0.406	0	0	-16	1	0	0	130.4	1.0	11.8	16.7	29.6
17.492	live	41.2	133	0.397	0.687	1.221	1.753	0.000	0.000	0.168	0.117	0.882	AVOID_LEFT	-	1.609	1.012	1.422	0	0	-15	1	0	0	130.5	0.9	11.7	15.9	28.6
17.533	live	40.2	133	0.284	0.534	1.294	1.467	0.000	0.000	0.126	0.088	0.911	AVOID_LEFT	-	4.960	4.386	3.578	0	0	-15	1	0	0	130.9	0.9	11.3	16.0	28.2
17.573	live	40.1	133	0.386	0.500	1.355	1.267	0.000	0.044	0.095	0.066	0.934	AVOID_LEFT	-	0.414	0.312	0.329	0	0	-15	1	0	0	131.1	0.9	11.4	16.3	28.6
17.613	live	40.3	133	0.437	0.483	1.385	1.127	0.000	0.129	0.071	0.049	0.950	CRUISE	-	0.207	0.192	0.227	0	0	-15	1	0	0	131.1	0.9	12.0	16.4	29.4
17.654	live	41.1	133	0.273	0.296	0.806	1.029	0.000	0.000	0.053	0.037	0.963	CRUISE	-	0.210	0.206	0.237	0	0	-15	1	0	0	131.1	0.9	11.5	16.0	28.5
17.694	live	40.0	133	0.190	0.202	0.480	0.960	0.000	0.000	0.040	0.028	0.972	CRUISE	-	0.301	0.224	0.291	0	0	-15	1	0	0	131.2	0.8	11.3	15.9	28.0
17.782	live	87.9	137	0.134	0.144	0.317	0.912	0.000	0.000	0.030	0.021	0.979	CRUISE	-	0.238	0.194	0.240	0	0	-15	1	0	0	131.2	1.1	13.3	17.4	31.8
17.849	live	67.3	139	0.106	0.128	0.235	1.236	0.000	0.000	0.022	0.016	0.984	CRUISE	-	0.944	1.002	1.182	0	0	-14	1	0	0	131.3	1.0	13.4	16.9	31.3
17.892	live	43.0	139	0.091	0.223	0.565	4.727	0.000	0.000	0.017	0.012	0.988	CRUISE	-	10.253	8.457	8.024	0	0	-5	1	0	0	131.0	1.0	11.7	16.3	29.0
17.933	live	40.7	139	1.449	1.305	1.238	3.549	0.000	0.000	0.013	0.009	0.991	CRUISE	-	3.640	9.981	7.213	0	0	-5	1	0	0	131.0	0.9	12.2	16.4	29.6
17.974	live	41.2	139	2.127	2.137	2.516	2.724	0.000	0.000	0.009	0.007	0.993	CRUISE	-	1.794	1.492	1.082	0	0	-5	1	0	0	130.7	0.9	11.5	16.3	28.8
18.015	live	40.5	139	2.101	2.554	3.154	2.147	0.203	0.504	0.007	0.005	0.995	CRUISE	-	0.386	0.370	0.333	0	0	-5	1	0	0	130.7	0.9	11.9	16.9	29.7
18.056	live	41.3	139	1.531	1.868	2.060	1.743	0.063	0.159	0.154	0.004	0.996	CRUISE	DNp01_right=1	0.502	0.704	0.566	0	0	-5	1	0	0	130.7	0.9	11.6	16.3	28.8
18.132	live	76.4	142	0.981	1.525	1.455	1.673	0.000	0.000	0.116	0.003	0.997	CRUISE	-	3.900	4.135	2.806	0	0	-3	1	0	0	129.5	1.0	12.3	16.9	30.1
18.174	live	41.8	142	0.706	1.372	1.153	1.411	0.000	0.000	0.087	0.002	0.998	CRUISE	-	6.260	9.117	4.120	0	0	-2	1	0	0	128.0	1.0	11.7	16.1	28.8
18.215	live	40.4	142	1.309	2.616	2.709	1.228	0.694	0.741	0.363	0.002	0.582	CRUISE	DNp06_right=1,DNp06_left=1,DNp01_right=1,DNp01_left=1	2.586	2.003	1.071	0	0	-2	1	0	0	127.5	0.9	11.9	17.8	30.6
18.257	live	42.4	142	1.610	3.238	3.672	1.099	1.000	1.000	0.867	0.001	0.061	CRUISE	DNp06_right=1,DNp03_left=1,DNp06_left=1,DNp01_right=2,DNp01_left=2	5.777	5.401	2.611	0	0	-2	1	0	0	126.6	1.0	11.4	18.3	30.7
18.299	live	42.4	142	1.782	3.549	4.153	2.545	0.502	0.804	0.948	0.209	0.000	AVOID_LEFT	DNp06_right=1,DNp03_left=1,DNp01_right=1,DNp01_left=1	4.118	8.267	6.052	0	0	2	1	0	0	125.8	0.9	11.3	18.5	30.8
18.342	live	42.6	142	1.744	3.559	2.504	2.022	0.769	0.769	1.000	0.365	0.000	AVOID_LEFT	DNp06_right=2,DNp03_left=1,DNp06_left=1,DNp01_right=2,DNp01_left=1	1.808	1.219	0.408	0	0	2	1	0	0	125.7	0.9	11.5	18.8	31.3
18.385	live	43.0	142	1.725	3.564	1.660	1.655	0.954	0.954	1.000	0.274	0.000	AVOID_LEFT	DNp06_right=1,DNp03_left=1,DNp06_left=1,DNp01_right=2,DNp01_left=2	1.984	1.160	1.014	0	0	3	1	0	0	125.4	1.0	11.6	18.2	30.8
18.427	live	42.5	142	1.073	2.142	1.238	1.399	0.372	0.372	1.000	0.205	0.000	AVOID_LEFT	DNp06_right=1,DNp06_left=1,DNp01_right=1,DNp01_left=1	2.028	1.726	0.953	0	0	3	1	0	0	125.8	1.0	11.4	17.5	29.9
18.469	live	41.7	142	0.747	1.431	0.986	1.219	0.106	0.106	1.000	0.154	0.000	AVOID_LEFT	-	4.645	3.378	1.231	0	0	3	1	0	0	125.2	0.9	11.5	17.6	30.1
18.511	live	41.8	142	1.064	1.470	0.930	3.418	0.000	0.000	0.934	0.116	0.000	AVOID_LEFT	DNp01_right=1	4.757	6.351	6.820	0	0	9	1	0	0	123.0	1.0	12.1	16.0	29.1
18.552	live	40.8	142	1.223	2.034	1.112	2.633	0.000	0.000	0.700	0.087	0.229	AVOID_LEFT	-	6.469	11.751	5.330	0	0	9	1	0	0	120.8	1.0	11.9	16.2	29.1
18.592	live	40.7	142	1.676	3.176	1.381	2.545	0.315	0.315	0.525	0.065	0.422	AVOID_LEFT	-	7.107	7.453	6.261	0	0	13	1	0	0	117.8	0.9	11.4	16.6	28.9
18.633	live	40.6	142	2.563	3.747	1.516	2.022	0.862	0.862	0.840	0.049	0.150	ESCAPE	DNp06_right=1,DNp06_left=1,DNp01_right=2,DNp01_left=1	1.745	0.646	0.465	0	0	13	1	0	0	117.5	0.9	11.4	17.8	30.2
18.674	live	41.6	142	3.007	3.238	1.216	2.109	0.565	0.565	1.000	0.037	0.000	ESCAPE	DNp06_right=1,DNp03_left=1,DNp06_left=1,DNp01_right=1,DNp01_left=2	2.658	3.451	3.597	0	0	16	1	0	0	117.2	1.0	11.5	18.0	30.6
18.717	live	42.2	142	2.516	2.001	0.716	1.716	0.400	0.142	0.956	0.027	0.053	ESCAPE	DNp01_right=1	4.429	1.533	0.901	0	0	16	1	0	0	116.4	0.9	11.5	17.5	30.0
18.758	live	41.0	142	2.271	1.382	0.466	1.441	0.415	0.000	0.866	0.021	0.290	ESCAPE	DNp01_left=1	11.010	5.390	4.889	0	0	16	1	0	0	104.0	1.0	11.5	16.9	29.5
18.799	live	41.1	142	5.040	1.438	2.388	7.781	0.000	0.000	0.650	0.015	0.467	ESCAPE	-	15.789	13.858	18.946	0	0	32	1	0	0	106.4	0.9	11.4	16.8	29.2
18.840	live	41.0	142	6.424	2.067	3.349	5.687	0.368	0.000	0.487	0.012	0.600	ESCAPE	-	1.261	0.934	0.968	0	0	32	1	0	0	106.7	1.0	11.5	16.8	29.3
18.881	live	40.9	142	5.484	2.382	2.751	4.221	0.631	0.000	0.514	-0.200	0.492	ESCAPE	DNp06_left=1,DNp01_left=1	0.251	0.319	0.268	0	0	32	1	0	0	107.2	1.0	11.8	16.5	29.3
18.921	live	40.2	142	3.042	1.447	1.670	3.195	0.000	0.000	0.386	-0.150	0.619	ESCAPE	-	0.333	0.325	0.299	0	0	32	1	0	0	108.5	0.9	11.4	17.0	29.4
18.974	live	53.1	143	1.628	0.829	0.902	2.476	0.000	0.000	0.289	-0.112	0.714	ESCAPE	-	0.258	0.218	0.266	0	0	32	1	0	0	109.2	0.9	11.5	16.2	28.6
19.014	live	40.4	143	0.897	0.494	0.516	1.973	0.000	0.000	0.217	-0.084	0.786	ESCAPE	-	0.250	0.296	0.223	0	0	32	1	0	0	110.1	0.9	11.8	15.9	28.6
19.055	live	40.6	143	0.531	0.320	0.323	1.621	0.000	0.000	0.163	-0.063	0.839	ESCAPE	-	0.262	0.281	0.240	0	0	32	1	0	0	110.9	1.2	11.3	16.1	28.7
19.095	live	40.1	143	0.350	0.233	0.226	1.375	0.000	0.000	0.122	-0.047	0.879	ESCAPE	-	0.266	0.334	0.290	0	0	32	1	0	0	111.8	1.0	11.5	15.7	28.2
19.207	live	112.2	149	0.260	0.190	0.177	1.202	0.000	0.000	0.092	-0.036	0.910	ESCAPE	-	0.433	0.579	0.487	0	0	32	1	0	0	112.4	1.2	15.0	18.7	35.0
19.254	live	46.5	149	0.215	0.199	0.170	1.082	0.000	0.000	0.069	-0.027	0.932	ESCAPE	-	2.602	3.265	2.766	0	0	32	1	0	0	144.8	0.9	12.8	16.7	30.5
19.296	live	42.5	149	0.414	1.505	1.433	0.997	0.254	0.254	0.051	-0.020	0.949	ESCAPE	-	0.472	0.512	0.565	0	0	32	1	0	0	145.5	0.9	11.6	17.1	29.6
19.338	live	41.3	149	0.678	2.158	2.064	0.938	0.610	0.610	0.485	-0.015	0.962	ESCAPE	DNp01_right=2,DNp01_left=1	0.278	0.225	0.372	0	0	32	1	0	0	145.9	0.9	11.5	17.8	30.2
19.380	live	42.0	149	0.646	1.565	1.212	0.897	0.334	0.334	0.364	-0.220	0.763	ESCAPE	DNp06_left=1	0.360	0.268	0.445	0	0	32	1	0	0	145.9	0.9	11.7	17.6	30.2
19.421	live	41.8	149	0.841	1.268	0.705	0.868	0.200	0.200	0.422	-0.165	0.822	ESCAPE	DNp01_right=1	1.973	2.817	2.614	0	0	32	1	0	0	116.6	0.9	11.6	17.2	29.7
19.463	live	41.5	149	1.953	1.419	0.443	0.847	0.553	0.286	0.465	-0.332	0.658	ESCAPE	DNp06_left=1,DNp01_left=1	0.228	0.260	0.255	0	0	32	1	0	0	116.6	1.0	11.7	17.8	30.6
19.505	live	42.2	149	2.509	1.495	0.311	1.236	0.636	0.129	0.795	-0.457	0.327	ESCAPE	DNp03_left=1,DNp06_left=1,DNp01_right=1,DNp01_left=2	0.931	1.081	1.135	0	0	31	1	0	0	116.7	0.9	11.6	18.0	30.6
19.547	live	42.3	149	1.775	0.922	0.259	1.105	0.335	0.000	0.596	-0.343	0.495	ESCAPE	-	4.026	2.538	1.517	0	0	31	1	0	0	116.7	0.9	12.1	16.5	29.6
19.589	live	41.1	149	1.409	0.571	0.315	1.014	0.197	0.000	0.447	-0.257	0.622	ESCAPE	-	6.760	5.482	4.574	0	0	31	1	0	0	116.3	0.9	11.4	16.1	28.4
19.629	live	40.0	149	1.581	0.395	0.608	2.109	0.000	0.000	0.335	-0.193	0.716	ESCAPE	-	3.183	3.743	3.558	0	0	28	1	0	0	116.3	0.9	11.3	16.4	28.7
19.669	live	40.5	149	2.520	0.308	0.755	1.716	0.402	0.000	0.252	-0.145	0.787	ESCAPE	-	1.784	0.569	0.526	0	0	28	1	0	0	116.4	0.9	11.6	16.7	29.2
19.710	live	40.8	149	2.990	0.444	0.661	1.673	0.659	0.000	0.338	-0.317	0.632	ESCAPE	DNp06_left=1,DNp01_left=1	2.580	1.490	2.249	0	0	26	1	0	0	116.8	0.9	11.4	17.5	29.8
19.752	live	41.5	149	1.983	0.512	0.613	1.411	0.286	0.000	0.402	-0.238	0.724	ESCAPE	DNp01_left=1	3.328	1.245	1.147	0	0	26	1	0	0	116.9	0.9	12.0	16.9	29.8
19.793	live	41.5	149	1.479	0.546	0.721	1.228	0.126	0.000	0.301	-0.178	0.793	ESCAPE	-	7.376	4.697	2.606	0	0	26	1	0	0	118.3	0.9	11.3	16.4	28.6
19.833	live	40.3	149	1.832	0.546	0.856	2.109	0.000	0.000	0.226	-0.134	0.845	ESCAPE	-	6.405	3.151	3.848	0	0	23	1	0	0	119.6	0.9	11.4	15.9	28.2
19.885	live	51.8	150	2.077	0.570	0.924	1.716	0.180	0.000	0.170	-0.100	0.884	ESCAPE	-	9.050	5.317	3.044	0	0	23	1	0	0	121.3	0.9	12.0	16.6	29.6
19.926	live	41.1	150	2.363	0.582	0.830	2.545	0.000	0.000	0.127	-0.075	0.913	ESCAPE	-	3.478	2.343	3.556	0	0	19	1	0	0	122.6	0.9	11.2	16.0	28.1
19.966	live	39.9	150	2.342	0.588	0.760	2.022	0.160	0.000	0.095	-0.056	0.935	AVOID_RIGHT	-	7.407	4.608	2.108	0	0	19	1	0	0	125.2	0.9	11.4	16.5	28.8
20.007	live	40.4	150	2.063	0.522	0.658	2.545	0.000	0.000	0.072	-0.042	0.951	CRUISE	-	5.436	2.714	4.039	0	0	15	1	0	0	126.7	0.9	11.5	16.3	28.7
20.047	live	40.3	150	1.924	0.489	0.607	2.022	0.000	0.000	0.054	-0.032	0.963	CRUISE	-	6.979	5.938	3.046	0	0	15	1	0	0	128.7	0.8	11.7	16.2	28.8
20.087	live	40.6	150	2.808	0.539	0.494	1.655	0.577	0.000	0.189	-0.024	0.972	CRUISE	DNp01_left=1	5.182	4.085	2.184	0	0	15	1	0	0	127.8	0.9	11.7	17.0	29.7
20.129	live	41.4	150	3.251	0.677	0.437	1.673	0.789	0.000	0.291	-0.226	0.563	AVOID_RIGHT	DNp03_left=1,DNp06_left=1,DNp01_left=1	2.409	2.292	2.452	0	0	13	1	0	0	126.7	0.9	11.6	18.0	30.5
20.231	live	102.5	155	1.983	1.039	0.408	1.411	0.286	0.000	0.367	-0.378	0.464	AVOID_RIGHT	DNp06_left=1,DNp01_left=1	0.767	1.075	1.144	0	0	12	1	0	0	125.4	1.0	12.7	19.3	33.0
20.276	live	44.8	155	1.349	0.927	0.424	1.228	0.061	0.000	0.275	-0.283	0.598	AVOID_RIGHT	-	1.744	0.909	0.613	0	0	12	1	0	0	124.1	0.9	12.2	17.3	30.5
20.318	live	42.3	155	1.032	0.699	0.433	1.236	0.000	0.000	0.206	-0.213	0.698	AVOID_RIGHT	-	3.155	1.169	1.044	0	0	11	1	0	0	123.6	1.0	12.3	17.6	30.9
20.361	live	42.6	155	0.987	0.585	0.376	1.105	0.000	0.000	0.155	-0.159	0.774	AVOID_RIGHT	-	6.843	7.060	3.229	0	0	11	1	0	0	124.3	0.9	12.1	16.9	30.0
20.403	live	41.8	155	3.042	0.600	0.347	1.014	1.000	0.000	0.265	-0.328	0.622	AVOID_RIGHT	DNp06_left=1,DNp01_left=1	6.451	7.309	3.823	0	0	11	1	0	0	125.0	0.9	12.2	18.8	32.0
20.447	live	43.9	155	4.069	1.185	0.598	2.982	0.544	0.000	0.496	-0.454	0.300	AVOID_RIGHT	DNp03_left=1,DNp06_left=1,DNp01_left=2	5.729	4.821	5.752	0	0	6	1	0	0	125.4	0.9	14.8	71.9	87.7
20.546	live	99.8	155	2.599	1.477	0.723	2.327	0.136	0.000	0.372	-0.341	0.475	AVOID_RIGHT	-	5.070	6.680	4.408	0	0	3	1	0	0	123.9	1.0	13.1	17.5	31.7
20.590	live	43.5	155	1.751	1.583	0.713	1.869	0.000	0.000	0.279	-0.256	0.606	AVOID_RIGHT	-	0.262	0.244	0.217	0	0	3	1	0	0	124.2	1.0	11.9	17.3	30.3
20.632	live	41.9	155	1.220	1.043	0.654	1.548	0.000	0.000	0.209	-0.192	0.705	AVOID_RIGHT	-	0.288	0.217	0.237	0	0	3	1	0	0	124.6	0.9	12.1	17.6	30.7
20.674	live	42.5	155	0.671	0.743	0.510	1.324	0.000	0.000	0.157	-0.144	0.778	AVOID_RIGHT	-	0.665	0.875	0.504	0	0	3	1	0	0	125.3	0.9	12.1	17.6	30.7
20.717	live	42.5	155	0.396	0.594	0.380	1.236	0.000	0.000	0.118	-0.108	0.834	AVOID_RIGHT	-	0.916	0.728	1.108	0	0	2	1	0	0	125.8	0.9	12.1	17.1	30.2
20.759	live	42.2	155	0.300	0.523	0.351	1.105	0.000	0.000	0.088	-0.081	0.875	AVOID_RIGHT	-	6.112	5.748	2.171	0	0	2	1	0	0	127.2	1.1	12.6	33.3	47.1
20.819	live	60.3	155	0.327	0.487	0.337	1.673	0.000	0.000	0.066	-0.061	0.907	AVOID_RIGHT	-	3.586	2.785	2.000	0	0	0	1	0	0	127.6	1.0	12.0	16.9	30.1
20.862	live	42.6	155	0.341	0.470	0.330	1.411	0.000	0.000	0.050	-0.045	0.930	CRUISE	-	6.839	7.234	2.546	0	0	0	1	0	0	127.8	0.9	11.9	16.8	29.6
20.903	live	41.5	155	0.669	0.469	0.356	1.236	0.000	0.000	0.037	-0.034	0.947	CRUISE	-	1.621	1.598	1.006	0	0	-1	1	0	0	127.7	1.0	11.7	16.6	29.3
20.944	live	40.9	155	0.833	0.483	0.369	1.105	0.000	0.000	0.028	-0.026	0.961	CRUISE	-	2.866	3.148	1.243	0	0	-1	1	0	0	127.8	0.9	12.3	16.4	29.6
20.986	live	41.3	155	0.726	0.709	0.391	1.014	0.000	0.000	0.021	-0.019	0.970	CRUISE	-	2.622	2.821	0.983	0	0	-1	1	0	0	127.8	1.0	11.7	16.6	29.3
21.027	live	40.9	155	0.651	0.875	0.408	1.236	0.000	0.000	0.016	-0.014	0.978	CRUISE	-	1.399	1.533	1.005	0	0	-2	1	0	0	127.7	0.9	11.7	16.4	29.1
21.067	live	40.8	155	0.610	0.958	0.416	1.105	0.000	0.000	0.012	-0.011	0.983	CRUISE	-	0.521	0.536	0.358	0	0	-2	1	0	0	127.7	0.9	11.6	16.7	29.3
21.108	live	41.0	155	0.593	0.633	0.529	1.236	0.000	0.000	0.009	-0.008	0.988	CRUISE	-	1.075	1.083	1.139	0	0	-3	1	0	0	127.7	0.9	12.1	16.3	29.4
21.149	live	41.1	155	0.539	0.394	0.676	1.105	0.000	0.000	0.007	-0.006	0.991	CRUISE	-	1.817	1.419	0.753	0	0	-3	1	0	0	127.9	1.0	12.0	16.3	29.3
21.190	live	40.8	155	0.581	0.275	0.777	1.014	0.000	0.000	0.005	-0.005	0.993	CRUISE	-	6.236	8.864	3.991	0	0	-3	1	0	0	128.5	0.9	11.5	15.9	28.4
21.278	live	87.3	159	0.944	0.291	0.800	2.545	0.000	0.000	0.004	-0.003	0.995	CRUISE	-	5.673	5.516	4.599	0	0	-7	1	0	0	128.5	1.0	13.7	17.9	32.7
21.322	live	44.4	159	1.126	0.314	0.865	2.022	0.000	0.000	0.003	-0.003	0.996	CRUISE	-	6.494	7.625	5.405	0	0	-9	1	0	0	128.4	0.9	11.9	16.2	29.0
21.363	live	40.7	159	1.217	0.326	0.897	1.655	0.000	0.000	0.002	-0.002	0.997	CRUISE	-	5.099	5.234	3.660	0	0	-9	1	0	0	128.3	0.9	12.0	16.2	29.1
21.404	live	40.9	159	1.082	0.515	1.393	1.399	0.000	0.000	0.002	-0.001	0.998	CRUISE	-	1.777	1.901	1.471	0	0	-10	1	0	0	128.2	1.0	12.0	16.4	29.4
21.445	live	41.0	159	0.955	0.647	1.641	1.219	0.000	0.211	0.001	-0.001	0.998	CRUISE	-	3.886	4.318	3.230	0	0	-10	1	0	0	128.7	0.9	13.8	18.3	33.0
21.490	live	45.2	159	0.891	0.715	1.765	1.093	0.000	0.336	0.150	-0.001	0.999	CRUISE	DNp01_right=1	2.529	2.568	1.684	0	0	-10	1	0	0	128.6	1.0	11.8	16.9	29.8
21.531	live	41.4	159	0.855	0.758	1.436	1.673	0.000	0.000	0.112	-0.001	0.999	CRUISE	-	3.012	3.112	3.048	0	0	-12	1	0	0	128.5	0.9	11.6	16.4	28.9
21.572	live	40.7	159	0.846	0.914	1.159	1.411	0.000	0.000	0.084	-0.000	0.999	CRUISE	-	3.914	4.005	3.186	0	0	-12	1	0	0	128.3	1.0	11.5	16.7	29.2
21.613	live	40.8	159	0.906	0.992	0.850	1.673	0.000	0.000	0.063	-0.000	0.999	CRUISE	-	0.759	0.325	1.158	0	0	-14	1	0	0	128.0	0.9	12.0	16.1	29.1
21.654	live	40.9	159	0.988	1.030	0.866	1.411	0.000	0.000	0.047	-0.000	1.000	CRUISE	-	0.954	0.955	0.711	0	0	-14	1	0	0	127.9	1.1	12.6	17.3	30.9
21.696	live	42.5	159	0.977	0.818	0.703	1.228	0.000	0.000	0.036	-0.000	1.000	CRUISE	-	0.203	0.117	0.250	0	0	-14	1	0	0	127.8	0.9	11.8	17.4	30.1
21.738	live	41.8	159	0.561	0.634	0.444	1.099	0.000	0.000	0.027	-0.000	1.000	CRUISE	-	0.173	0.079	0.195	0	0	-14	1	0	0	127.8	0.9	11.6	16.4	28.9
21.779	live	40.6	159	0.343	0.347	0.315	1.010	0.000	0.000	0.020	-0.000	1.000	CRUISE	-	0.180	0.123	0.210	0	0	-14	1	0	0	127.8	0.9	11.9	16.1	28.9
21.819	live	40.6	159	0.234	0.204	0.223	0.947	0.000	0.000	0.015	-0.000	1.000	CRUISE	-	0.180	0.096	0.209	0	0	-14	1	0	0	127.8	0.9	11.8	16.4	29.2
21.860	live	40.9	159	0.162	0.132	0.178	0.903	0.000	0.000	0.011	-0.000	1.000	CRUISE	-	0.208	0.135	0.251	0	0	-14	1	0	0	127.9	0.9	11.7	16.4	29.0
21.925	live	64.8	161	0.122	0.093	0.148	0.872	0.000	0.000	0.008	-0.000	1.000	CRUISE	-	0.178	0.107	0.196	0	0	-14	1	0	0	127.9	0.9	12.1	17.4	30.5
21.967	live	42.3	161	0.106	0.074	0.133	0.850	0.000	0.000	0.006	-0.000	1.000	CRUISE	-	0.201	0.129	0.233	0	0	-14	1	0	0	127.9	0.9	11.8	17.6	30.4
22.009	live	42.1	161	0.081	0.064	0.109	0.835	0.000	0.000	0.005	-0.000	1.000	CRUISE	-	0.157	0.107	0.178	0	0	-14	1	0	0	127.9	0.9	12.5	16.5	29.9
22.051	live	41.6	161	0.074	0.064	0.107	0.825	0.000	0.000	0.004	-0.000	1.000	CRUISE	-	0.169	0.092	0.207	0	0	-14	1	0	0	127.9	0.9	11.9	16.1	29.0
22.092	live	40.5	161	0.071	0.084	0.106	0.817	0.000	0.000	0.003	-0.000	1.000	CRUISE	-	0.265	0.206	0.267	0	0	-14	1	0	0	127.9	0.9	11.2	16.2	28.3
22.132	live	39.9	161	0.077	0.094	0.106	0.812	0.000	0.000	0.002	-0.000	1.000	CRUISE	-	0.186	0.122	0.201	0	0	-14	1	0	0	127.9	0.8	11.5	16.3	28.6
22.172	live	40.4	161	0.086	0.084	0.111	0.808	0.000	0.000	0.002	-0.000	1.000	CRUISE	-	0.266	0.185	0.247	0	0	-14	1	0	0	127.9	0.9	11.4	16.3	28.6
22.212	live	40.3	161	0.098	0.078	0.122	0.806	0.000	0.000	0.001	-0.000	1.000	CRUISE	-	2.728	2.079	2.069	0	0	-14	1	0	0	128.1	0.9	11.6	15.9	28.5
22.252	live	40.2	161	0.390	0.202	0.250	1.236	0.000	0.000	0.001	-0.000	1.000	CRUISE	-	7.320	6.961	6.346	0	0	-15	1	0	0	128.5	0.9	11.4	15.7	28.0
22.328	live	75.5	164	0.592	0.390	0.537	3.418	0.000	0.000	0.001	-0.000	1.000	CRUISE	-	5.957	5.889	7.298	0	0	-21	1	0	0	127.7	1.0	12.6	16.8	30.4
22.370	live	42.0	164	1.053	1.894	0.681	2.633	0.000	0.000	0.000	-0.000	1.000	CRUISE	-	6.294	3.211	6.154	0	0	-21	1	0	0	107.3	0.9	11.6	16.2	28.6
22.410	live	40.4	164	2.316	4.302	0.753	2.083	1.000	1.000	0.298	-0.000	0.583	CRUISE	DNp06_right=1,DNp06_left=1,DNp01_right=1,DNp01_left=1	0.226	0.127	0.210	0	0	-21	1	0	0	107.3	0.9	12.2	18.3	31.5
22.453	live	43.2	164	3.437	5.506	1.067	1.698	1.000	1.000	0.819	-0.000	0.062	ESCAPE	DNp06_right=1,DNp03_left=1,DNp06_left=1,DNp01_right=2,DNp01_left=2	3.448	5.018	7.377	0	0	-22	1	0	0	127.5	0.9	11.7	18.0	30.7
22.496	live	42.4	164	3.804	4.207	2.326	1.429	1.000	1.000	1.000	0.208	0.000	ESCAPE	DNp06_right=2,DNp03_left=1,DNp06_left=1,DNp01_right=2,DNp01_left=1	0.294	0.247	0.252	0	0	-22	1	0	0	127.6	0.8	11.4	19.0	31.3
22.539	live	43.1	164	3.988	3.435	2.955	1.240	1.000	1.000	1.000	-0.052	0.000	ESCAPE	DNp06_right=1,DNp03_left=1,DNp06_left=2,DNp01_right=2,DNp01_left=2	0.183	0.112	0.169	0	0	-22	1	0	0	127.6	0.9	11.4	18.6	30.9
22.581	live	42.6	164	2.131	1.764	1.512	1.108	0.511	0.328	1.000	-0.247	0.000	ESCAPE	DNp06_left=1,DNp01_left=1	0.204	0.121	0.150	0	0	-22	1	0	0	127.7	0.9	11.9	17.4	30.2
22.623	live	41.9	164	1.139	0.906	0.791	1.016	0.062	0.000	0.894	-0.186	0.000	ESCAPE	-	0.200	0.114	0.159	0	0	-22	1	0	0	127.7	0.8	11.6	16.3	28.8
22.664	live	40.6	164	0.643	0.477	0.422	0.951	0.000	0.000	0.670	-0.139	0.045	ESCAPE	-	0.222	0.122	0.172	0	0	-22	1	0	0	127.8	0.9	11.9	16.4	29.2
22.705	live	40.9	164	0.389	0.285	0.238	0.906	0.000	0.000	0.503	-0.104	0.284	ESCAPE	-	0.189	0.110	0.143	0	0	-22	1	0	0	127.8	0.9	11.6	16.5	29.1
22.747	live	42.5	164	0.245	0.191	0.142	0.874	0.000	0.000	0.377	-0.078	0.463	ESCAPE	-	0.184	0.092	0.139	0	0	-22	1	0	0	127.8	0.9	11.6	16.4	28.9
22.788	live	41.0	164	0.172	0.147	0.094	0.852	0.000	0.000	0.283	-0.059	0.597	ESCAPE	-	0.199	0.097	0.143	0	0	-22	1	0	0	127.8	1.3	11.5	16.1	28.9
22.828	live	40.2	164	0.136	0.122	0.080	0.836	0.000	0.000	0.212	-0.044	0.698	ESCAPE	-	0.216	0.122	0.153	0	0	-22	1	0	0	127.8	0.9	11.3	16.3	28.6
22.869	live	40.3	164	0.111	0.092	0.073	0.825	0.000	0.000	0.159	-0.033	0.773	ESCAPE	-	0.185	0.099	0.141	0	0	-22	1	0	0	127.8	0.9	11.5	16.5	28.8
22.909	live	40.6	164	0.098	0.071	0.065	0.818	0.000	0.000	0.119	-0.025	0.830	ESCAPE	-	0.187	0.091	0.153	0	0	-22	1	0	0	127.8	0.9	11.8	15.9	28.6
22.949	live	40.2	164	0.107	0.061	0.061	0.812	0.000	0.000	0.089	-0.019	0.873	ESCAPE	-	0.178	0.093	0.160	0	0	-22	1	0	0	127.9	0.9	11.9	15.9	28.7
22.990	live	40.5	164	0.112	0.065	0.059	0.809	0.000	0.000	0.067	-0.014	0.904	ESCAPE	-	0.203	0.106	0.169	0	0	-22	1	0	0	127.8	1.0	11.3	16.0	28.3
23.042	live	51.9	165	0.103	0.067	0.058	0.806	0.000	0.000	0.050	-0.010	0.928	ESCAPE	-	0.168	0.105	0.164	0	0	-22	1	0	0	127.9	1.0	12.3	16.0	29.3
23.083	live	40.9	165	0.098	0.078	0.053	0.804	0.000	0.000	0.038	-0.008	0.946	ESCAPE	-	0.181	0.102	0.148	0	0	-22	1	0	0	127.9	0.9	11.9	16.1	28.8
23.123	live	40.6	165	0.134	0.076	0.051	0.803	0.000	0.000	0.028	-0.006	0.960	ESCAPE	-	0.182	0.101	0.147	0	0	-22	1	0	0	127.9	1.0	11.5	16.1	28.6
23.164	live	40.3	165	0.152	0.074	0.056	0.802	0.000	0.000	0.021	-0.004	0.970	ESCAPE	-	0.226	0.103	0.179	0	0	-22	1	0	0	127.9	0.9	11.6	16.4	28.9
23.204	live	40.8	165	0.131	0.073	0.059	0.801	0.000	0.000	0.016	-0.003	0.977	ESCAPE	-	0.184	0.094	0.166	0	0	-22	1	0	0	127.9	0.9	11.6	16.2	28.8
23.245	live	40.5	165	0.111	0.069	0.061	0.801	0.000	0.000	0.012	-0.002	0.983	ESCAPE	-	0.169	0.094	0.148	0	0	-22	1	0	0	127.9	0.9	11.6	16.6	29.2
23.286	live	40.9	165	0.110	0.072	0.064	0.801	0.000	0.000	0.009	-0.002	0.987	ESCAPE	-	0.180	0.127	0.159	0	0	-22	1	0	0	128.0	0.9	11.6	15.8	28.3
23.374	live	88.4	169	0.100	0.052	0.065	0.801	0.000	0.000	0.007	-0.001	0.990	ESCAPE	-	0.215	0.133	0.151	0	0	-22	1	0	0	128.0	1.0	13.3	17.2	31.6
23.417	live	43.2	169	0.119	0.051	0.051	0.800	0.000	0.000	0.005	-0.001	0.993	ESCAPE	-	0.227	0.114	0.148	0	0	-22	1	0	0	128.0	0.9	12.1	16.3	29.3
23.458	live	41.0	169	0.099	0.050	0.043	0.800	0.000	0.000	0.004	-0.001	0.995	ESCAPE	-	0.381	0.259	0.307	0	0	-22	1	0	0	127.7	0.9	11.4	15.9	28.2
23.498	live	40.1	169	0.089	0.068	0.064	0.800	0.000	0.000	0.003	-0.001	0.996	ESCAPE	-	0.262	0.183	0.213	0	0	-22	1	0	0	127.8	1.2	11.5	16.3	29.0
23.539	live	40.5	169	0.083	0.097	0.094	0.800	0.000	0.000	0.002	-0.000	0.997	ESCAPE	-	0.240	0.148	0.196	0	0	-22	1	0	0	127.9	1.0	11.6	16.3	28.9
23.580	live	40.5	169	0.099	0.092	0.089	0.800	0.000	0.000	0.002	-0.000	0.998	ESCAPE	-	0.183	0.108	0.170	0	0	-22	1	0	0	128.0	0.9	11.9	16.0	28.8
23.620	live	40.4	169	0.124	0.092	0.080	0.800	0.000	0.000	0.001	-0.000	0.998	ESCAPE	-	0.182	0.109	0.145	0	0	-22	1	0	0	128.0	0.8	11.7	15.9	28.5
23.660	live	40.2	169	0.143	0.092	0.076	0.800	0.000	0.000	0.001	-0.000	0.999	ESCAPE	-	0.215	0.107	0.175	0	0	-22	1	0	0	128.0	0.9	11.2	16.1	28.3
23.724	live	63.8	171	0.146	0.092	0.074	0.800	0.000	0.000	0.001	-0.000	0.999	ESCAPE	-	0.185	0.106	0.141	0	0	-22	1	0	0	128.0	0.9	12.4	16.2	29.5
23.765	live	41.2	171	0.112	0.079	0.074	0.800	0.000	0.000	0.001	-0.000	0.999	CRUISE	-	0.195	0.116	0.177	0	0	-22	1	0	0	128.0	0.9	11.5	16.2	28.6
23.805	live	40.3	171	0.094	0.072	0.057	0.800	0.000	0.000	0.000	-0.000	0.999	CRUISE	-	0.186	0.106	0.143	0	0	-22	1	0	0	128.0	0.9	11.6	16.3	28.9
23.845	live	40.0	171	0.092	0.068	0.049	0.800	0.000	0.000	0.000	-0.000	1.000	CRUISE	-	0.186	0.095	0.140	0	0	-22	1	0	0	128.1	0.9	11.7	15.9	28.6
23.886	live	40.2	171	0.091	0.067	0.074	0.800	0.000	0.000	0.000	-0.000	1.000	CRUISE	-	0.187	0.098	0.144	0	0	-22	1	0	0	128.1	0.9	11.7	16.0	28.6
23.926	live	40.2	171	0.091	0.070	0.086	0.800	0.000	0.000	0.000	-0.000	1.000	CRUISE	-	0.182	0.089	0.148	0	0	-22	1	0	0	128.1	0.9	11.9	16.4	29.3
23.967	live	41.0	171	0.091	0.070	0.097	0.800	0.000	0.000	0.000	-0.000	1.000	CRUISE	-	0.199	0.109	0.172	0	0	-22	1	0	0	128.2	0.9	12.1	16.6	29.6
24.008	live	41.4	171	0.091	0.072	0.123	0.800	0.000	0.000	0.000	-0.000	1.000	CRUISE	-	0.168	0.089	0.148	0	0	-22	1	0	0	128.1	0.9	11.5	16.3	28.8
# ======================================================================
# SUMMARY
# accepted_frames: 517   duplicate_frames_skipped: 171
# cycles_without_attitude: 0
# effective_fps  mean=23.1 median=24.4 p5=13.1
# cycle_ms       mean=30.3 p95=33.0
# flow_ms        mean=11.8 p95=13.3
# brain_ms       mean=17.5 p95=18.7
# baseline_expansion (quiet, max over columns) mean=0.751 p95=3.003 max=5.254
#   -> compare against LOOM_EXPANSION_FLOOR=0.8: the floor must sit above this noise or the circuit fires at nothing
# peak_expansion_center=5.506  peak_loom=1.000  peak_escape=1.000  (ESCAPE_STATE_THRESHOLD=0.6)
# state_cycle_counts: {'CRUISE': 276, 'AVOID_RIGHT': 41, 'ESCAPE': 150, 'AVOID_LEFT': 35}
# swat_marks (0): []
# escape_triggers (5): [6.87, 10.24, 15.88, 18.63, 22.45]
# END
