[13:46:04] Connected (SDK mode). Waiting for state telemetry...
[13:46:05] Battery: 94%
[13:46:06] Stream on - settling for 3.0s
[13:46:11] first real frame: 960x720
[13:46:11] starting the brain subprocess with DNg02 (optomotor=True)...
[13:46:15] brain ready  yaw_gain=0.15  yaw_authority=0.4 rad/s  dry_run=True
ROWS t,rotation,translation,yaw_rate_meas,steer,n_left,n_right,thrust,yaw_cmd,brain_state
[13:46:15] DRY RUN - not taking off. Turn the drone by hand; yaw_cmd should oppose.
[13:46:16] warmup done - hovering 2.0s before the loop closes
[13:46:18] ARMED - optomotor yaw loop closed
2.014,-4.4241,-0.8713,0.0626,0.0,0,0,0.0,-0.0,AVOID_RIGHT
2.224,0.0,0.0,-0.8944,-0.17,5,4,0.172,0.0255,AVOID_RIGHT
2.267,-6.9883,-0.5023,-0.9581,-0.0495,1,3,0.205,0.0074,AVOID_RIGHT
2.31,-2.4486,-0.0611,-0.8197,-0.1169,1,0,0.173,0.0175,AVOID_RIGHT
2.353,-2.2108,-0.0531,-0.9717,-0.2302,2,0,0.168,0.0345,AVOID_RIGHT
2.395,-7.0795,-0.4093,-0.8646,-0.3151,2,0,0.164,0.0473,OPTOMOTOR
2.437,-5.0693,0.5722,-0.9427,-0.3475,2,0,0.161,0.0521,OPTOMOTOR
2.48,-4.7497,0.6597,-0.6231,-0.3156,1,0,0.14,0.0473,OPTOMOTOR
2.523,-5.1456,0.7699,-0.6126,-0.3417,2,0,0.143,0.0513,OPTOMOTOR
2.565,0.6261,-0.7542,-0.9543,-0.4056,4,2,0.222,0.0608,OPTOMOTOR
2.608,-6.9135,1.4316,-0.6153,-0.2567,2,3,0.262,0.0385,AVOID_LEFT
2.652,-3.9942,1.1621,-1.0205,-0.3041,1,0,0.215,0.0456,AVOID_RIGHT
2.694,-1.556,1.3427,-0.7468,-0.3706,2,0,0.2,0.0556,OPTOMOTOR
2.761,-2.1442,1.1693,-0.9957,-0.4025,2,0,0.188,0.0604,OPTOMOTOR
2.804,-0.561,1.3708,-0.993,-0.391,2,1,0.198,0.0586,OPTOMOTOR
2.847,-3.5977,0.7937,-0.993,-0.4058,2,0,0.187,0.0609,OPTOMOTOR
2.89,-2.618,0.5728,-0.9892,-0.3136,0,0,0.14,0.047,OPTOMOTOR
2.933,-4.2201,0.5833,-0.6206,-0.3402,2,0,0.143,0.051,OPTOMOTOR
3.0,-2.1282,0.6963,-0.8598,-0.3102,1,0,0.127,0.0465,AVOID_RIGHT
3.044,1.4976,-0.5266,-0.9245,-0.2376,0,1,0.114,0.0356,AVOID_RIGHT
3.087,0.2961,0.214,-0.9266,-0.0809,3,7,0.276,0.0121,AVOID_RIGHT
3.13,-3.3549,0.5313,-0.6162,-0.1912,3,0,0.264,0.0,ESCAPE
3.173,-3.5107,0.5145,-0.741,-0.2199,1,0,0.217,0.0,ESCAPE
3.217,-3.1256,0.4114,-0.7395,-0.3074,2,0,0.201,0.0,ESCAPE
3.26,0.7049,0.0799,-0.802,-0.2606,1,1,0.189,0.0,ESCAPE
3.302,-3.7872,0.4782,-0.4725,-0.1546,2,3,0.237,0.0,ESCAPE
3.345,-2.6133,0.1322,-0.473,-0.2053,1,0,0.197,0.0,ESCAPE
3.388,-0.8,-0.0259,-0.8137,-0.234,2,1,0.205,0.0,ESCAPE
3.43,-2.6176,-0.1035,-0.6798,-0.218,0,0,0.154,0.0,ESCAPE
3.474,1.3062,0.7154,-1.0171,-0.131,1,2,0.173,0.0,ESCAPE
3.517,-3.9191,-0.4699,-0.6812,-0.0319,1,3,0.206,0.0,ESCAPE
3.56,-1.578,-0.258,-1.0171,-0.1449,2,0,0.192,0.0,ESCAPE
3.602,1.9648,-0.0698,-1.0853,-0.1512,0,0,0.144,0.0,ESCAPE
3.646,0.3885,-0.0771,-0.7433,-0.0404,3,7,0.299,0.0,ESCAPE
3.689,-2.9198,-2.4004,-0.741,-0.0833,3,4,0.358,0.0,ESCAPE
3.731,-4.7801,-0.3581,-0.4057,-0.1445,2,0,0.307,0.0,ESCAPE
3.775,-1.3902,-0.0349,-0.7415,-0.1889,2,0,0.268,0.0,ESCAPE
3.819,-1.9396,-0.1034,-0.6759,-0.2587,2,0,0.239,0.0,ESCAPE
3.861,-3.4968,0.0395,-0.6069,-0.2402,0,0,0.179,0.0,ESCAPE
3.903,-3.6646,-2.9029,-0.6091,-0.3227,2,0,0.173,0.0,ESCAPE
3.946,-2.2346,0.3586,-0.9501,-0.3095,1,0,0.149,0.0,ESCAPE
4.052,-0.7835,0.4003,-0.5734,-0.3309,2,1,0.169,0.0,ESCAPE
4.097,-2.8924,-1.2272,-0.3135,-0.3578,2,0,0.165,0.0,ESCAPE
4.141,-3.5271,-0.0828,-0.9986,-0.3234,1,0,0.143,0.0,ESCAPE
4.184,2.8804,0.0966,-0.997,-0.2475,0,1,0.126,0.0,ESCAPE
4.226,-0.0704,0.9565,-0.7482,-0.0443,1,4,0.19,0.0,ESCAPE
4.269,-0.0378,0.9264,-0.6482,-0.0744,4,7,0.352,0.0,ESCAPE
4.312,2.8998,-0.1462,-0.7967,0.1012,0,7,0.398,0.0,ESCAPE
4.355,3.369,-0.4211,-0.8092,0.1329,0,2,0.337,0.0,ESCAPE
4.398,4.093,-1.6575,-0.0679,0.1739,0,2,0.291,0.0,ESCAPE
4.441,0.8746,-0.4732,0.0679,0.2574,0,4,0.294,0.0,ESCAPE
4.484,1.0027,-0.6059,0.1354,0.3063,1,7,0.373,-0.0459,OPTOMOTOR
4.526,1.5748,-0.6406,0.2038,0.2742,1,4,0.375,-0.0411,OPTOMOTOR
4.581,-0.4441,-0.2768,0.195,0.173,4,7,0.492,-0.026,CRUISE
4.624,0.0813,-0.1928,0.1948,0.0888,6,7,0.617,-0.0133,CRUISE
4.666,2.3273,-0.9793,0.2599,0.1841,1,7,0.615,-0.0276,CRUISE
4.71,0.1781,-0.1665,0.13,0.2506,2,7,0.633,-0.0376,OPTOMOTOR
4.752,-0.8605,0.0806,0.1952,0.2004,4,6,0.666,-0.0301,OPTOMOTOR
4.795,1.0998,-0.5404,0.1299,0.2378,3,7,0.69,-0.0357,OPTOMOTOR
4.837,0.4316,-0.3753,0.2039,0.1409,6,6,0.747,-0.0211,CRUISE
4.88,0.458,-0.4072,0.2044,0.1094,6,7,0.808,-0.0164,CRUISE
4.923,2.209,-0.8214,0.1362,0.1261,1,5,0.721,-0.0189,CRUISE
4.965,1.1196,-0.4938,0.2047,0.0676,1,3,0.617,-0.0101,CRUISE
5.12,0.8193,-0.7992,0.188,0.1866,2,8,0.653,-0.028,CRUISE
5.167,4.45,-0.9812,0.3051,0.2024,2,6,0.643,-0.0304,OPTOMOTOR
5.211,2.2932,-0.391,0.3027,0.1349,0,2,0.52,-0.0202,CRUISE
5.254,2.2329,-0.3398,0.3015,0.1712,0,3,0.447,-0.0257,CRUISE
5.297,1.3681,0.0303,0.2631,0.2539,0,5,0.431,-0.0381,OPTOMOTOR
5.339,1.1569,-0.1034,0.3265,0.3887,0,7,0.457,-0.0583,OPTOMOTOR
5.382,0.8942,-0.1306,0.3279,0.4062,2,8,0.533,-0.0609,OPTOMOTOR
5.425,3.7562,-0.0122,0.2022,0.4646,1,7,0.553,-0.0697,OPTOMOTOR
5.48,1.0572,-0.1056,0.3251,0.4585,2,7,0.586,-0.0688,OPTOMOTOR
5.522,2.0551,-0.1061,0.261,0.4539,0,5,0.535,-0.0681,OPTOMOTOR
5.565,5.3658,-0.0399,0.3907,0.4733,0,5,0.497,-0.071,OPTOMOTOR
5.607,1.8845,0.0433,0.2604,0.3941,0,1,0.392,-0.0591,OPTOMOTOR
5.65,1.893,0.1169,0.391,0.4511,0,5,0.389,-0.0677,OPTOMOTOR
5.693,3.5958,0.2626,0.3912,0.4384,0,3,0.349,-0.0658,OPTOMOTOR
5.736,1.8935,0.1475,0.2726,0.4333,0,4,0.338,-0.065,OPTOMOTOR
5.779,0.7655,0.1001,0.6128,0.4833,0,6,0.368,-0.0725,OPTOMOTOR
5.821,0.5358,0.0807,0.4769,0.2805,5,8,0.524,-0.0421,OPTOMOTOR
5.863,2.9049,0.2416,0.6132,0.3081,0,4,0.469,-0.0462,OPTOMOTOR
5.919,0.2106,0.0596,0.4544,0.2147,5,8,0.6,-0.0322,OPTOMOTOR
5.962,2.978,0.1464,0.5838,0.3116,1,7,0.603,-0.0467,OPTOMOTOR
6.005,0.8917,0.0624,0.5837,0.4937,0,8,0.605,-0.0741,OPTOMOTOR
6.048,2.4012,0.0981,0.2594,0.3803,2,5,0.587,-0.057,OPTOMOTOR
6.153,0.6338,0.0747,0.2436,0.3452,3,7,0.631,-0.0518,OPTOMOTOR
6.199,2.5327,0.1662,0.3746,0.2689,1,4,0.569,-0.0403,OPTOMOTOR
6.242,3.729,0.3686,0.2489,0.2929,0,4,0.503,-0.0439,OPTOMOTOR
6.285,2.4505,0.3769,0.3739,0.2897,0,3,0.434,-0.0435,OPTOMOTOR
6.327,3.5902,0.0875,0.3743,0.3976,0,6,0.44,-0.0596,OPTOMOTOR
6.382,0.4982,0.0115,0.418,0.3313,2,6,0.483,-0.0497,OPTOMOTOR
6.424,2.1468,0.0396,0.3818,0.382,1,7,0.515,-0.0573,OPTOMOTOR
6.467,0.005,-0.0152,0.3246,0.2965,4,7,0.596,-0.0445,OPTOMOTOR
6.51,1.1857,-0.0047,0.3266,0.3324,1,6,0.581,-0.0499,OPTOMOTOR
6.553,1.8153,0.0043,0.1956,0.5093,0,8,0.588,-0.0764,OPTOMOTOR
6.595,1.7698,-0.0406,0.4559,0.399,0,3,0.498,-0.0598,OPTOMOTOR
6.638,3.3713,-0.1723,0.3408,0.3992,0,3,0.431,-0.0599,OPTOMOTOR
6.681,4.624,-0.4164,0.4084,0.3717,0,2,0.361,-0.0557,OPTOMOTOR
6.724,0.5706,-0.0811,0.34,0.4065,1,7,0.424,-0.061,OPTOMOTOR
6.766,-0.1529,-0.0633,0.3402,0.1928,6,8,0.585,-0.0289,AVOID_LEFT
6.82,0.5265,-0.1084,0.3913,0.1569,6,7,0.687,-0.0235,AVOID_LEFT
6.863,4.2011,-0.2097,0.1303,0.2301,2,7,0.687,-0.0345,AVOID_LEFT
6.906,1.9977,-0.1202,0.3251,0.2351,0,5,0.611,-0.0353,AVOID_LEFT
6.949,2.2849,-0.1556,0.2605,0.3752,0,7,0.592,-0.0563,AVOID_LEFT
6.992,4.0925,-0.2612,0.3907,0.345,0,4,0.52,-0.0517,OPTOMOTOR
7.046,1.4702,-0.2073,0.3739,0.4208,0,6,0.504,-0.0631,OPTOMOTOR
7.089,2.4212,-0.3612,0.5842,0.4682,0,5,0.474,-0.0702,OPTOMOTOR
7.132,2.863,-0.4133,0.5847,0.5067,0,5,0.451,-0.076,OPTOMOTOR
7.198,1.2639,-0.4049,0.5984,0.6513,0,8,0.491,-0.0977,OPTOMOTOR
7.241,-0.62,0.0187,0.7753,0.4449,3,6,0.54,-0.0667,OPTOMOTOR
7.296,1.4284,-0.2275,0.6313,0.3083,2,4,0.519,-0.0462,OPTOMOTOR
7.339,0.9999,-0.234,0.6281,0.3303,2,7,0.561,-0.0495,AVOID_RIGHT
7.382,0.4178,-0.1752,0.6272,0.3015,5,8,0.669,-0.0452,AVOID_RIGHT
7.426,1.5519,-0.1887,0.5351,0.2886,2,6,0.654,-0.0433,AVOID_RIGHT
7.468,5.4126,-1.2984,0.5806,0.4093,1,8,0.663,-0.0614,AVOID_RIGHT
7.535,5.1042,-1.4516,0.4769,0.41,1,6,0.631,-0.0615,AVOID_RIGHT
7.578,2.2472,-0.4653,0.4961,0.4175,0,5,0.568,-0.0626,AVOID_RIGHT
7.621,2.2573,-0.4156,0.3722,0.3798,0,4,0.503,-0.057,AVOID_RIGHT
7.665,0.6594,-0.2802,0.4943,0.4898,1,8,0.549,0.0,ESCAPE
7.708,-0.018,-0.1745,0.4941,0.2601,6,6,0.641,0.0,ESCAPE
7.752,6.3075,-0.9879,0.3688,0.2576,2,6,0.633,0.0,ESCAPE
7.795,2.2037,-0.46,0.268,0.2425,0,4,0.551,0.0,ESCAPE
7.837,3.0954,-0.5103,0.2687,0.3352,0,6,0.528,0.0,ESCAPE
7.88,1.5307,-0.389,0.4036,0.411,0,6,0.51,0.0,ESCAPE
7.923,2.2985,-0.5189,0.2704,0.402,0,3,0.44,0.0,ESCAPE
7.965,2.5385,-0.7611,0.4063,0.4015,0,3,0.387,0.0,ESCAPE
8.008,2.0475,-0.5048,0.2725,0.4289,0,4,0.367,0.0,ESCAPE
8.051,1.5126,-0.5079,0.3406,0.5016,0,6,0.39,0.0,ESCAPE
8.093,4.3143,-1.1577,0.3403,0.5345,0,6,0.407,0.0,ESCAPE
8.136,1.9103,-0.5578,0.2042,0.5314,0,5,0.4,0.0,ESCAPE
8.254,1.8882,-0.7012,0.1833,0.5847,0,7,0.434,0.0,ESCAPE
8.299,4.0932,-1.1676,0.3007,0.5135,0,3,0.383,0.0,ESCAPE
8.342,5.9545,-1.5369,0.24,0.5157,0,5,0.382,0.0,ESCAPE
8.385,1.976,-0.3888,0.3588,0.6012,0,8,0.44,0.0,ESCAPE
8.429,1.1008,-0.2396,0.3574,0.5363,2,6,0.482,0.0,ESCAPE
8.472,4.8887,-0.5873,0.3634,0.4692,0,2,0.4,0.0,ESCAPE
8.516,0.5346,-0.1078,0.33,0.3334,3,7,0.491,0.0,ESCAPE
8.559,1.3756,-0.1239,0.3354,0.3034,2,6,0.521,0.0,ESCAPE
8.601,1.9522,-0.1572,0.3363,0.3531,0,5,0.486,0.0,ESCAPE
8.644,2.3383,-0.1028,0.2024,0.4414,0,6,0.479,0.0,ESCAPE
8.687,2.5509,-0.0855,0.3387,0.4311,0,3,0.416,0.0,ESCAPE
8.729,3.1613,-0.0532,0.2716,0.3955,0,2,0.351,0.0,ESCAPE
8.772,0.9059,0.038,0.2722,0.5078,0,7,0.396,0.0,ESCAPE
8.815,-0.9999,0.0411,0.1362,0.297,3,5,0.45,0.0,ESCAPE
8.857,0.6258,0.0434,0.1366,0.1623,5,7,0.567,0.0,ESCAPE
8.899,2.6537,0.1811,0.2733,0.2687,0,6,0.539,0.0,ESCAPE
8.943,3.3188,0.123,0.1368,0.2993,0,4,0.481,0.0,ESCAPE
8.986,2.4225,0.1041,0.1363,0.2751,0,2,0.399,0.0,ESCAPE
9.028,-1.4519,-0.1008,0.1363,0.2619,0,1,0.318,-0.0393,OPTOMOTOR
9.083,-3.156,-0.1745,0.1304,0.1601,1,0,0.258,-0.024,CRUISE
9.126,2.5383,0.0872,0.1297,0.1871,0,1,0.212,-0.0281,CRUISE
9.168,1.9641,0.0984,-0.065,0.3273,0,7,0.293,-0.0491,OPTOMOTOR
9.211,-2.6673,-0.2284,-0.0649,0.3125,0,1,0.239,-0.0469,OPTOMOTOR
9.305,-3.918,-0.1046,-0.5106,0.1147,2,0,0.217,-0.0172,CRUISE
9.35,-0.4027,-2.8048,-0.5237,0.133,0,0,0.163,-0.02,CRUISE
9.392,-2.7331,0.5413,-0.5891,0.0279,1,0,0.141,-0.0042,AVOID_LEFT
9.436,1.455,0.0635,-0.5219,0.0709,0,1,0.125,-0.0106,AVOID_LEFT
9.479,0.4865,0.298,-0.7161,0.2729,0,7,0.227,-0.0409,AVOID_LEFT
9.522,-2.7982,0.5637,-0.6168,0.0188,3,0,0.228,-0.0028,AVOID_LEFT
9.565,-5.8757,0.9927,-0.265,-0.0189,1,0,0.19,0.0028,AVOID_LEFT
9.608,-3.9006,0.9745,-0.4722,-0.0982,1,0,0.162,0.0147,AVOID_LEFT
9.651,-5.1376,1.4547,-0.5398,-0.2161,2,0,0.159,0.0324,AVOID_LEFT
9.695,-1.037,0.6158,-0.5396,-0.2421,2,1,0.177,0.0363,AVOID_LEFT
9.737,-7.8175,1.7165,-0.338,-0.2116,1,1,0.171,0.0317,AVOID_LEFT
9.78,-4.3667,1.0592,-0.6756,-0.3012,2,0,0.166,0.0452,AVOID_LEFT
9.823,-4.5731,1.0244,-0.6773,-0.3452,2,0,0.163,0.0518,AVOID_LEFT
9.866,-2.5647,1.8243,-0.7445,-0.3139,1,0,0.141,0.0471,AVOID_LEFT
9.908,-2.759,0.7458,-0.6106,-0.2904,1,0,0.125,0.0436,AVOID_LEFT
9.951,-0.6363,0.3688,-0.6125,-0.3228,2,1,0.151,0.0484,AVOID_LEFT
9.994,-0.6634,0.3648,-0.8161,-0.2327,5,5,0.304,0.0349,AVOID_LEFT
10.036,-3.0615,1.7266,-0.4771,-0.215,2,2,0.304,0.0323,AVOID_LEFT
10.079,-2.8038,0.4338,-0.8842,-0.2382,1,0,0.247,0.0357,AVOID_LEFT
10.123,-4.0543,0.3188,-0.6121,-0.2762,1,0,0.205,0.0414,OPTOMOTOR
10.165,0.4632,0.5815,-0.9526,-0.2871,2,1,0.211,0.0431,OPTOMOTOR
10.22,-1.6116,0.482,-0.9108,-0.2135,3,3,0.273,0.032,OPTOMOTOR
10.263,-2.4857,2.6135,-0.7141,-0.2078,0,0,0.204,0.0312,OPTOMOTOR
10.342,-0.3503,0.3979,-0.6008,-0.308,4,1,0.249,0.0462,OPTOMOTOR
10.386,1.1862,0.3208,-1.0601,-0.144,1,5,0.301,0.0216,CRUISE
10.429,-2.8636,-0.3957,-0.7274,-0.141,1,0,0.245,0.0212,CRUISE
10.472,2.5779,-0.0292,-1.1738,-0.0688,0,1,0.203,0.0103,CRUISE
10.515,-1.0982,-1.9788,-1.1791,-0.0305,0,1,0.171,0.0046,CRUISE
10.557,2.2553,0.0672,-1.0079,0.0236,0,1,0.147,-0.0035,AVOID_RIGHT
10.599,1.3164,-1.7606,-1.4162,0.1231,1,6,0.244,-0.0185,AVOID_RIGHT
10.642,-2.8761,-2.1297,-0.9537,0.136,1,4,0.279,-0.0204,AVOID_RIGHT
10.685,-1.9053,-1.988,-1.3622,0.0122,2,0,0.247,-0.0018,AVOID_RIGHT
10.728,-1.1874,-2.0626,-0.9527,-0.0239,1,0,0.204,0.0036,AVOID_RIGHT
10.771,0.6538,-0.1278,-0.9513,-0.1339,5,5,0.344,0.0201,AVOID_RIGHT
10.815,2.9381,0.0244,-1.0183,0.0138,1,8,0.43,-0.0021,AVOID_RIGHT
10.857,0.5665,-0.0422,-0.4744,-0.0706,6,5,0.532,0.0106,AVOID_RIGHT
10.901,-5.0978,-1.1723,-0.7435,-0.0536,1,3,0.476,0.008,AVOID_RIGHT
10.945,-4.3289,0.1766,-0.3362,-0.1207,2,0,0.395,0.0181,AVOID_RIGHT
10.988,-2.59,0.2615,-0.4701,-0.171,2,0,0.334,0.0257,CRUISE
11.031,-4.9091,0.5417,-0.4705,-0.1838,1,0,0.27,0.0276,CRUISE
11.073,-3.1573,0.8259,-0.4041,-0.2497,2,0,0.241,0.0375,OPTOMOTOR
11.116,-2.5665,1.0353,-0.6746,-0.2824,1,0,0.199,0.0424,OPTOMOTOR
11.159,-0.4293,0.4258,-0.4054,-0.2918,2,1,0.207,0.0438,OPTOMOTOR
11.201,-2.8839,1.1483,-0.5448,-0.3614,2,0,0.193,0.0542,OPTOMOTOR
11.244,-4.6319,1.6954,-0.4097,-0.3448,1,0,0.164,0.0517,OPTOMOTOR
11.402,2.4349,0.3431,-0.3741,-0.2526,0,1,0.142,0.0379,OPTOMOTOR
11.452,-4.1986,1.5331,-0.3595,-0.2027,0,0,0.107,0.0304,OPTOMOTOR
11.496,-4.6444,1.7393,-0.4856,-0.207,1,0,0.099,0.0311,OPTOMOTOR
11.538,1.6981,-0.2707,-0.4149,-0.1338,0,1,0.093,0.0201,CRUISE
11.582,3.7011,-1.5345,-0.3621,-0.0025,0,2,0.108,0.0004,CRUISE
11.624,1.411,-0.2897,-0.2294,0.23,0,6,0.196,-0.0345,OPTOMOTOR
11.666,-2.0945,1.2686,-0.0645,0.1961,1,3,0.223,-0.0294,AVOID_RIGHT
11.71,0.598,-0.0992,-0.1344,0.1287,2,5,0.301,-0.0193,AVOID_RIGHT
11.752,1.4155,-0.9689,0.0679,0.1574,2,7,0.397,-0.0236,AVOID_RIGHT
11.795,1.1387,-0.771,0.1357,0.2732,0,6,0.413,-0.041,AVOID_RIGHT
11.839,-1.4175,0.5119,0.1356,0.1261,2,1,0.367,-0.0189,AVOID_RIGHT
11.882,0.2755,-0.1888,0.0,-0.0136,5,5,0.466,0.002,AVOID_RIGHT
11.925,2.1494,-1.2247,0.0676,0.1541,0,7,0.483,-0.0231,AVOID_RIGHT
11.967,0.9872,-0.9394,0.2708,0.2467,1,7,0.515,-0.037,AVOID_RIGHT
12.022,0.2254,-0.5292,0.2595,0.1289,4,5,0.558,-0.0193,AVOID_RIGHT
12.064,3.2793,-1.8227,0.3904,0.2141,1,7,0.571,-0.0321,AVOID_RIGHT
12.107,1.5844,-0.996,0.3907,0.2583,0,4,0.505,-0.0387,AVOID_RIGHT
12.149,1.2559,-1.0195,0.5873,0.3749,0,7,0.512,-0.0562,AVOID_RIGHT
12.192,1.9968,-1.0839,0.5227,0.3567,1,5,0.499,-0.0535,OPTOMOTOR
12.234,5.9274,-1.3402,0.3927,0.3283,0,2,0.412,-0.0492,OPTOMOTOR
12.277,5.7629,-0.3127,0.6828,0.374,0,4,0.385,-0.0561,OPTOMOTOR
12.333,2.495,-0.0599,0.4539,0.354,0,2,0.327,-0.0531,OPTOMOTOR
12.451,2.4591,0.2661,0.5449,0.3725,0,3,0.303,-0.0559,OPTOMOTOR
12.497,3.5403,4.3811,0.8002,0.4092,0,5,0.322,-0.0614,OPTOMOTOR
12.54,3.3025,0.341,0.5317,0.387,0,3,0.299,-0.058,OPTOMOTOR
12.583,4.6385,2.3759,0.6279,0.417,0,5,0.32,-0.0625,OPTOMOTOR
12.625,1.5759,0.2551,0.6568,0.4711,0,6,0.354,-0.0707,AVOID_RIGHT
12.668,4.2638,0.618,0.5722,0.4839,0,5,0.361,-0.0726,AVOID_RIGHT
12.712,1.4788,0.1608,0.728,0.5212,0,6,0.385,0.0,ESCAPE
12.755,3.0636,0.2481,0.4713,0.5493,0,6,0.404,0.0,ESCAPE
12.798,4.3595,0.7128,0.6747,0.4314,0,1,0.322,0.0,ESCAPE
12.841,1.7286,0.0904,0.4728,0.3589,0,1,0.26,0.0,ESCAPE
12.884,1.7066,0.126,0.6745,0.3712,0,4,0.272,0.0,ESCAPE
12.927,3.1078,0.7444,0.6753,0.3804,0,4,0.28,0.0,ESCAPE
12.969,2.5949,-0.01,0.4067,0.3873,0,4,0.286,0.0,ESCAPE
13.012,0.9582,0.0136,0.6115,0.5007,0,8,0.367,0.0,ESCAPE
13.055,1.698,0.0229,0.4073,0.5061,0,5,0.371,0.0,ESCAPE
13.098,2.6638,0.0735,0.5436,0.3993,0,1,0.297,0.0,ESCAPE
13.141,0.5559,-0.0427,0.3392,0.4176,2,7,0.395,0.0,ESCAPE
13.185,1.8099,-0.1781,0.475,0.4688,0,5,0.391,0.0,ESCAPE
13.229,3.2775,-0.4049,0.4714,0.3931,0,1,0.313,0.0,ESCAPE
13.275,5.717,-0.4915,0.267,0.4511,0,6,0.349,0.0,ESCAPE
13.332,1.8026,-0.2425,0.505,0.4411,0,4,0.338,0.0,ESCAPE
13.378,2.2206,-0.2985,0.5634,0.4058,0,3,0.311,0.0,ESCAPE
13.485,-3.0483,-0.2624,0.8258,0.3252,0,0,0.233,0.0,ESCAPE
13.531,-1.0642,0.2838,0.8141,0.1768,2,0,0.213,0.0,ESCAPE
13.574,0.0205,-0.0664,0.6972,-0.0611,6,6,0.389,0.0,ESCAPE
13.617,4.3144,-1.772,0.4895,0.094,1,8,0.463,0.0,ESCAPE
13.661,5.7439,-0.3348,0.3075,0.1683,0,4,0.424,0.0,ESCAPE
13.704,-0.5706,-0.8146,0.9593,0.2796,0,6,0.432,0.0,ESCAPE
13.746,4.6956,-1.3978,0.8578,0.263,2,6,0.477,0.0,ESCAPE
13.789,4.1132,-1.4945,1.3504,0.3228,0,5,0.453,0.0,ESCAPE
13.832,4.0626,-0.5953,1.3517,0.3688,0,4,0.416,0.0,ESCAPE
13.875,-1.7553,-0.9664,1.3522,0.22,1,0,0.331,0.0,ESCAPE
13.918,1.5421,-1.0218,1.8283,0.272,0,3,0.306,0.0,ESCAPE
13.962,4.6411,-1.9321,0.9503,0.351,0,5,0.325,0.0,ESCAPE
14.004,0.4432,-0.6504,1.3546,0.3893,1,7,0.396,0.0,ESCAPE
14.046,4.905,-0.6557,0.8821,0.3919,1,6,0.431,0.0,ESCAPE
14.089,4.4853,-0.3177,0.883,0.5349,0,8,0.476,-0.0802,AVOID_RIGHT
14.132,4.1587,-0.2319,1.2221,0.4441,0,1,0.376,-0.0666,AVOID_RIGHT
14.174,6.2069,-1.3602,0.7486,0.4007,0,2,0.32,-0.0601,OPTOMOTOR
14.218,0.639,0.1655,0.8161,0.4589,0,6,0.355,-0.0688,AVOID_RIGHT
14.263,8.3032,1.0468,0.4057,0.4747,0,5,0.361,-0.0712,AVOID_RIGHT
14.306,2.8836,0.4667,0.6054,0.5421,0,7,0.405,-0.0813,AVOID_RIGHT
14.35,0.6201,0.2371,0.6031,0.4959,2,7,0.475,-0.0744,AVOID_RIGHT
14.392,0.1945,0.2187,0.2681,0.3009,6,8,0.624,-0.0451,AVOID_RIGHT
14.435,3.3203,0.4826,0.3347,0.1909,2,4,0.582,-0.0286,AVOID_RIGHT
14.542,1.6578,0.3522,0.2525,0.1533,0,1,0.456,-0.023,AVOID_RIGHT
14.587,-2.4057,-0.2711,0.0623,0.1179,0,0,0.342,-0.0177,AVOID_RIGHT
14.629,-4.6071,-0.6304,0.0624,0.0555,1,0,0.275,-0.0083,AVOID_RIGHT
14.672,-4.5444,-0.4134,0.0625,0.0086,1,0,0.226,-0.0013,AVOID_RIGHT
14.715,-2.1531,-0.2283,0.0,-0.0766,2,0,0.207,0.0115,AVOID_RIGHT
14.759,-2.3305,-0.2636,-0.1079,-0.1968,2,0,0.194,0.0295,AVOID_RIGHT
14.806,-6.8856,-0.6062,-0.2611,-0.1901,0,0,0.145,0.0285,CRUISE
14.85,-2.9026,-0.2436,-0.2645,-0.2351,1,0,0.128,0.0353,OPTOMOTOR
14.893,-8.7079,-0.5279,-0.2649,-0.2315,1,0,0.115,0.0347,OPTOMOTOR
14.96,-7.261,-0.0502,-0.4243,-0.2786,2,0,0.125,0.0418,OPTOMOTOR
15.003,-6.9596,1.0605,-0.4236,-0.264,1,0,0.112,0.0396,OPTOMOTOR
15.046,-2.0331,0.1535,-0.5466,-0.303,2,0,0.123,0.0454,OPTOMOTOR
15.09,-2.8644,0.2505,-0.4308,-0.3322,2,0,0.13,0.0498,OPTOMOTOR
15.133,-8.2317,1.2829,-0.617,-0.3042,1,0,0.117,0.0456,OPTOMOTOR
15.187,0.3079,0.2764,-0.7123,-0.3831,3,1,0.164,0.0575,OPTOMOTOR
15.23,-3.9998,0.6847,-0.5812,-0.2304,2,4,0.237,0.0346,OPTOMOTOR
15.273,-6.6317,0.7007,-0.8415,-0.2653,1,0,0.197,0.0398,OPTOMOTOR
15.327,-5.9344,1.8242,-0.5596,-0.2915,1,0,0.167,0.0437,OPTOMOTOR
15.369,-5.4977,1.9557,-0.8108,-0.3427,2,0,0.163,0.0514,OPTOMOTOR
15.412,-3.1708,0.9954,-0.6252,-0.312,1,0,0.142,0.0468,OPTOMOTOR
15.455,-0.821,0.497,-0.5213,-0.339,2,0,0.144,0.0509,OPTOMOTOR
15.497,-0.2891,0.4085,-0.6531,-0.2289,5,6,0.318,0.0343,OPTOMOTOR
15.591,1.0558,0.5097,-0.6687,-0.0872,1,7,0.391,0.0131,CRUISE
15.635,-0.3426,-0.0841,-0.395,-0.0768,5,7,0.522,0.0115,CRUISE
15.678,-5.4862,1.6067,-0.7217,-0.1073,4,4,0.545,0.0161,CRUISE
15.721,-4.9075,0.9828,-0.7215,-0.1139,0,0,0.408,0.0171,CRUISE
15.763,0.3284,1.3575,-0.59,-0.1659,2,0,0.344,0.0249,CRUISE
15.806,-2.9265,0.6488,-0.791,-0.1799,1,0,0.277,0.027,CRUISE
15.86,-0.276,0.5165,-0.6408,-0.1954,2,1,0.265,0.0293,AVOID_LEFT
15.904,-1.4722,0.8532,-0.8445,-0.2221,5,4,0.371,0.0333,AVOID_LEFT
15.949,-3.091,1.3061,-0.5176,-0.2471,2,0,0.316,0.0,ESCAPE
15.993,-3.355,1.6047,-0.7707,-0.2989,2,0,0.275,0.0,ESCAPE
16.036,-2.4887,1.561,-0.7674,-0.3642,2,0,0.245,0.0,ESCAPE
16.08,-1.7211,0.6534,-0.6368,-0.3882,1,0,0.203,0.0,ESCAPE
16.122,-0.8761,0.3918,-0.6658,-0.3686,2,1,0.209,0.0,ESCAPE
16.166,-0.9516,-0.2646,-0.4656,-0.2915,2,2,0.233,0.0,ESCAPE
16.209,-1.915,0.192,-0.8009,-0.3211,3,1,0.251,0.0,ESCAPE
16.253,-2.1938,0.3068,-0.5376,-0.3558,1,0,0.208,0.0,ESCAPE
16.295,-4.9254,0.4976,-0.5389,-0.4047,2,0,0.194,0.0,ESCAPE
16.339,-2.6431,0.2095,-0.5399,-0.3621,1,0,0.164,0.0,ESCAPE
16.382,-2.3457,0.2048,-0.5379,-0.3766,2,0,0.162,0.0,ESCAPE
16.425,-1.8772,0.0788,-0.7407,-0.2874,0,0,0.121,0.0,ESCAPE
16.468,-4.1328,-0.0817,-0.4042,-0.2706,1,0,0.11,0.0,ESCAPE
16.511,-0.8683,0.039,-0.6069,-0.3079,2,1,0.14,0.0,ESCAPE
16.642,6.2245,0.4897,-0.8838,-0.0245,0,5,0.2,0.0,ESCAPE
16.689,-0.148,-1.237,-0.6629,0.1106,0,5,0.246,0.0,ESCAPE
16.732,-2.0386,-2.94,-0.992,-0.059,3,0,0.241,0.0,ESCAPE
16.775,-3.1433,-0.1677,-0.7938,-0.0851,1,0,0.2,0.0,ESCAPE
16.818,-3.4057,0.0028,-0.9671,-0.2063,2,0,0.188,0.0,ESCAPE
16.86,-3.5637,-4.1581,-0.8498,-0.1972,0,0,0.141,0.0,ESCAPE
16.903,0.0207,0.1689,-0.9228,-0.1654,2,2,0.182,0.0,ESCAPE
16.946,-0.2446,0.3553,-0.9486,-0.1664,6,7,0.385,0.0,ESCAPE
17.014,2.3036,-1.1301,-1.12,-0.0853,2,6,0.441,0.0,ESCAPE
17.057,-2.5855,0.9972,-1.1143,-0.0819,0,0,0.331,0.0,ESCAPE
17.1,-1.9582,2.1528,-1.0516,-0.0944,1,0,0.267,0.0,ESCAPE
17.142,0.0172,1.8633,-1.0521,-0.0538,0,0,0.2,0.0,ESCAPE
17.186,-1.008,2.2786,-0.8043,-0.1277,1,0,0.169,0.0,ESCAPE
17.229,-1.985,3.8666,-1.1708,-0.1258,1,1,0.165,0.0,ESCAPE
17.272,-0.6325,2.3154,-0.6727,-0.1272,0,0,0.124,0.0,ESCAPE
17.328,2.6766,0.3472,-0.7751,-0.0454,0,1,0.112,0.0,ESCAPE
17.372,-0.4194,1.5789,-0.5137,0.0576,1,3,0.16,-0.0086,CRUISE
17.415,-1.1365,2.0963,-0.5116,-0.1177,2,0,0.158,0.0177,CRUISE
17.458,-0.4532,2.0408,-0.7681,-0.2308,2,0,0.157,0.0346,OPTOMOTOR
17.501,-0.1569,1.0188,-0.3851,-0.0769,2,5,0.251,0.0115,CRUISE
17.544,-0.2982,1.574,-0.5785,-0.0007,0,2,0.227,0.0001,AVOID_RIGHT
17.587,-0.6378,1.4742,-0.4705,-0.0135,1,1,0.208,0.002,AVOID_RIGHT
17.629,-0.1653,1.236,-0.4751,-0.0031,3,7,0.347,0.0005,AVOID_RIGHT
17.695,3.176,0.6421,-0.8102,0.1346,0,6,0.375,-0.0202,AVOID_RIGHT
17.739,1.6843,0.0919,-0.5608,0.2285,1,7,0.434,-0.0343,AVOID_RIGHT
17.782,1.6621,0.1388,-0.5606,0.2212,0,2,0.363,-0.0332,AVOID_RIGHT
17.824,1.3592,0.1172,-0.4357,0.4048,0,8,0.425,-0.0607,OPTOMOTOR
17.867,1.426,-0.0198,-0.4357,0.3579,2,7,0.491,-0.0537,AVOID_RIGHT
17.911,1.3242,0.0633,-0.4345,0.4444,0,6,0.483,-0.0667,AVOID_RIGHT
17.954,0.4048,0.0193,-0.135,0.369,4,8,0.591,-0.0554,AVOID_RIGHT
17.996,0.4088,0.0324,-0.1352,0.2879,5,7,0.672,-0.0432,AVOID_RIGHT
18.04,0.6708,0.0314,-0.2025,0.2284,6,7,0.752,-0.0343,AVOID_RIGHT
18.083,0.4921,-0.0041,-0.135,0.259,6,8,0.831,-0.0389,AVOID_RIGHT
18.126,0.4563,-0.0229,-0.1354,0.2826,6,8,0.891,-0.0424,AVOID_RIGHT
18.169,0.3938,-0.0183,-0.135,0.2714,6,8,0.935,-0.0407,AVOID_RIGHT
18.212,0.4127,-0.0053,-0.1352,0.1802,5,6,0.911,-0.027,AVOID_RIGHT
18.255,0.5221,0.0481,-0.1351,0.1402,6,7,0.932,-0.021,AVOID_RIGHT
18.298,0.4294,0.0034,-0.1354,0.1101,6,7,0.947,-0.0165,AVOID_RIGHT
18.34,0.2922,-0.151,-0.1358,0.1209,5,7,0.939,-0.0181,AVOID_RIGHT
18.383,0.3907,0.0174,-0.1356,0.1624,4,7,0.914,-0.0244,AVOID_RIGHT
18.425,-0.0815,-0.0129,-0.136,0.2101,6,8,0.953,-0.0315,AVOID_RIGHT
18.469,0.1949,-0.0263,-0.068,0.1563,6,7,0.963,-0.0234,AVOID_RIGHT
18.512,0.4053,0.0044,-0.0679,0.2116,5,8,0.97,-0.0317,AVOID_RIGHT
18.555,0.1301,-0.0298,0.0,0.1567,6,7,0.976,-0.0235,AVOID_RIGHT
18.598,0.6166,-0.2603,0.1352,0.1791,5,7,0.961,-0.0269,AVOID_RIGHT
18.641,-0.055,-0.0544,0.1352,0.011,6,6,0.95,-0.0017,AVOID_RIGHT
18.733,-0.3243,-0.6339,0.3325,0.0803,5,7,0.941,-0.012,AVOID_RIGHT
18.777,0.8766,-0.7751,0.3291,0.0986,5,7,0.935,-0.0148,AVOID_RIGHT
18.82,-0.4943,-0.4525,0.526,-0.0302,6,6,0.93,0.0045,AVOID_RIGHT
18.863,0.4319,-0.5671,0.3952,-0.0727,6,7,0.946,0.0109,AVOID_RIGHT
18.906,-0.5412,-0.6881,0.5926,-0.0457,4,5,0.881,0.0069,CRUISE
18.949,-0.4188,-0.6883,0.5101,-0.1399,6,5,0.871,0.021,CRUISE
18.991,0.7298,-1.363,0.6035,0.0072,4,8,0.882,-0.0011,CRUISE
19.034,0.9906,-1.7668,0.6111,0.0004,3,5,0.814,-0.0001,CRUISE
19.077,1.3702,-1.4934,0.4084,0.038,0,4,0.687,-0.0057,CRUISE
19.12,-0.601,-1.2177,0.7475,-0.0267,2,2,0.592,0.004,CRUISE
19.162,3.9772,-3.3471,0.5443,0.0858,0,6,0.558,-0.0129,CRUISE
19.205,0.825,-2.0774,0.8169,0.1607,0,5,0.514,-0.0241,CRUISE
19.248,0.838,-1.7315,0.6125,0.1127,1,2,0.443,-0.0169,CRUISE
19.291,0.2737,-1.4192,0.611,0.0545,2,3,0.428,-0.0082,CRUISE
19.334,1.4034,-1.9261,0.8145,0.1387,0,4,0.397,-0.0208,CRUISE
19.377,1.4259,-1.9604,0.4752,0.2296,0,5,0.393,-0.0344,OPTOMOTOR
19.42,0.1537,-1.0921,0.7459,0.4081,0,8,0.448,-0.0612,OPTOMOTOR
19.463,1.7547,-1.6277,0.4748,0.4894,0,6,0.45,-0.0734,OPTOMOTOR
19.506,4.2831,-2.439,0.6766,0.4115,0,1,0.357,-0.0617,OPTOMOTOR
19.55,1.922,-1.3877,0.6764,0.4067,0,3,0.325,-0.061,OPTOMOTOR
19.592,5.158,-1.453,0.4734,0.4356,0,5,0.339,-0.0653,OPTOMOTOR
19.635,2.1664,-1.0408,0.7438,0.4017,0,3,0.312,-0.0603,OPTOMOTOR
19.678,2.0321,-0.7126,0.4735,0.4318,0,5,0.329,-0.0648,OPTOMOTOR
19.782,0.7651,1.1176,0.5098,0.51,0,7,0.38,-0.0765,OPTOMOTOR
19.828,2.6937,0.3565,0.7539,0.5408,0,6,0.4,-0.0811,OPTOMOTOR
19.871,2.9261,3.3418,0.7519,0.5362,0,5,0.395,-0.0804,OPTOMOTOR
19.925,4.4472,1.6068,0.7222,0.5327,0,5,0.392,-0.0799,AVOID_RIGHT
19.969,0.62,0.377,0.7201,0.4258,3,7,0.485,-0.0639,AVOID_RIGHT
20.012,0.9913,0.4233,0.7833,0.4087,3,8,0.573,-0.0613,AVOID_RIGHT
20.055,2.7468,0.6301,0.6966,0.4165,0,5,0.526,-0.0625,AVOID_RIGHT
20.099,3.3063,0.7608,0.4494,0.3901,0,3,0.451,0.0,ESCAPE
20.154,2.4693,0.5533,0.6176,0.4481,0,5,0.434,0.0,ESCAPE
20.196,4.758,0.7566,0.3865,0.4916,0,5,0.421,0.0,ESCAPE
20.239,3.6984,1.5603,0.6449,0.5521,0,6,0.43,0.0,ESCAPE
20.283,1.6436,0.9767,0.4514,0.4654,0,2,0.361,0.0,ESCAPE
20.325,2.2693,0.1703,0.775,0.5352,0,7,0.404,0.0,ESCAPE
20.38,-0.1293,0.0949,0.7451,0.3408,4,7,0.513,0.0,ESCAPE
20.423,0.704,0.029,0.776,0.2781,5,8,0.633,0.0,ESCAPE
20.466,1.843,0.5405,0.7751,0.4036,0,7,0.608,0.0,ESCAPE
20.51,2.1088,-0.3513,0.5165,0.2709,0,1,0.475,0.0,ESCAPE
20.553,3.4947,-0.6912,0.8395,0.3862,0,7,0.49,0.0,ESCAPE
20.596,4.408,-0.4985,0.5166,0.3618,0,2,0.406,0.0,ESCAPE
20.639,-0.7751,-0.0991,0.8762,0.3158,1,4,0.4,0.0,ESCAPE
20.682,3.5927,-1.7589,0.6759,0.3646,0,4,0.376,0.0,ESCAPE
20.724,-0.1946,0.2469,0.6759,0.2485,4,8,0.511,0.0,ESCAPE
20.831,0.0108,-1.5387,0.7621,0.0757,5,4,0.555,0.0,ESCAPE
20.877,-1.2595,-1.984,1.0592,0.0015,2,2,0.493,0.0,ESCAPE
20.921,3.4464,-0.743,0.743,-0.0218,1,2,0.427,0.0,ESCAPE
20.965,2.7765,-1.0046,1.0471,0.1016,0,5,0.415,0.0,ESCAPE
21.007,1.9033,0.3189,1.0496,0.2296,0,6,0.426,0.0,ESCAPE
21.049,1.8604,-0.9652,1.1823,0.2537,0,3,0.377,0.0,ESCAPE
21.092,3.4661,-1.1556,0.9895,0.3181,0,4,0.359,0.0,ESCAPE
21.135,3.0613,-1.0997,0.9421,0.3941,0,5,0.365,0.0,ESCAPE
21.178,4.9848,-0.5627,0.9498,0.4511,0,5,0.369,0.0,ESCAPE
21.221,6.6391,-2.0131,0.6133,0.5075,0,6,0.391,0.0,ESCAPE
21.264,-1.3248,1.1357,1.0183,0.3524,1,1,0.332,0.0,ESCAPE
21.307,5.3694,-0.8304,0.6773,0.2479,1,1,0.287,0.0,ESCAPE
21.362,2.6555,-0.3999,0.972,0.293,0,3,0.272,0.0,ESCAPE
21.404,2.4067,-2.5228,0.7134,0.3067,0,2,0.242,0.0,ESCAPE
21.447,4.9262,0.0318,0.9737,0.3389,0,4,0.258,0.0,ESCAPE
21.49,4.5222,0.2063,0.9741,0.3962,0,6,0.308,-0.0594,AVOID_RIGHT
21.532,5.1803,0.1597,0.7809,0.3991,0,4,0.307,-0.0599,AVOID_RIGHT
21.575,8.358,-0.4543,0.7814,0.3814,0,3,0.288,-0.0572,AVOID_RIGHT
21.618,-0.693,0.0536,0.6126,0.4019,1,5,0.33,-0.0603,AVOID_RIGHT
21.662,1.0147,0.1431,0.6112,0.2903,2,5,0.381,-0.0435,AVOID_RIGHT
21.704,3.0503,0.2224,0.474,0.3177,0,3,0.343,-0.0477,AVOID_RIGHT
21.747,2.8917,0.1729,0.4738,0.4494,0,7,0.391,-0.0674,AVOID_RIGHT
21.79,3.9393,0.2653,0.2709,0.3815,1,4,0.389,-0.0572,AVOID_RIGHT
21.87,1.9168,0.2183,0.3481,0.4695,0,6,0.406,-0.0704,AVOID_RIGHT
21.915,5.8933,0.573,0.3449,0.5077,0,5,0.4,-0.0761,AVOID_RIGHT
21.957,-0.7435,0.0099,0.2074,0.3696,2,5,0.434,-0.0554,AVOID_RIGHT
21.999,-5.6884,-0.4362,0.2077,0.1755,2,1,0.382,-0.0263,AVOID_RIGHT
22.042,-5.2395,-0.2974,0.0692,0.0973,1,0,0.306,-0.0146,AVOID_RIGHT
22.085,-7.1327,-0.3651,0.0592,-0.01,2,0,0.268,0.0015,AVOID_RIGHT
22.128,-2.2903,-0.1716,-0.4714,-0.0905,2,0,0.239,0.0136,AVOID_RIGHT
22.182,-6.1727,0.8545,-0.4564,-0.1261,1,0,0.198,0.0189,AVOID_RIGHT
22.225,-7.6182,1.4056,-0.977,-0.1371,0,0,0.149,0.0206,AVOID_RIGHT
22.268,1.9072,-2.0537,-0.9766,-0.1262,0,0,0.112,0.0189,CRUISE
22.311,-1.2794,0.4709,-1.1717,-0.128,1,1,0.122,0.0192,AVOID_LEFT
22.354,-1.9951,0.7538,-1.1683,-0.2426,2,0,0.13,0.0364,AVOID_LEFT
22.398,-6.5867,2.0598,-0.843,-0.287,2,0,0.135,0.043,AVOID_LEFT
22.441,3.2887,-1.2418,-1.3473,-0.2202,0,1,0.121,0.033,AVOID_LEFT
22.484,-3.8918,0.8091,-0.8081,-0.2202,1,0,0.11,0.033,AVOID_LEFT
22.527,2.7703,0.487,-1.7481,-0.2201,1,1,0.12,0.033,AVOID_LEFT
22.57,3.0736,-0.0947,-1.4129,-0.0048,0,3,0.147,0.0007,AVOID_LEFT
22.612,2.3911,-0.3023,-1.4177,0.1913,0,6,0.225,-0.0287,AVOID_LEFT
22.656,1.8139,0.2021,-2.2966,0.2705,0,4,0.245,-0.0406,AVOID_LEFT
22.698,3.9942,0.0596,-1.8327,0.3698,0,6,0.298,-0.0555,AVOID_LEFT
22.741,5.308,0.0832,-2.244,0.3835,0,4,0.3,-0.0575,AVOID_LEFT
22.784,1.8757,0.429,-1.2946,0.3896,0,4,0.301,-0.0584,AVOID_LEFT
22.827,2.9268,-0.8596,-1.9705,0.3942,0,4,0.302,-0.0591,OPTOMOTOR
22.932,12.9094,-1.9625,-1.7828,0.5079,0,8,0.379,-0.0762,OPTOMOTOR
22.979,3.3339,-2.104,-1.7489,0.4281,0,2,0.323,-0.0642,OPTOMOTOR
23.022,-0.7891,-0.2171,-1.7378,0.3662,2,5,0.376,-0.0549,OPTOMOTOR
23.065,-1.5706,-0.5287,-1.7347,0.2675,1,2,0.339,-0.0401,OPTOMOTOR
23.109,0.1202,-0.6694,-1.1144,0.0999,4,5,0.426,-0.015,AVOID_LEFT
23.153,-1.0501,0.7883,-1.4463,-0.002,5,5,0.51,0.0003,AVOID_LEFT
23.195,-2.2696,1.5903,-0.9847,-0.0665,1,0,0.402,0.01,AVOID_LEFT
23.239,0.0926,2.584,-1.4059,-0.0428,0,0,0.301,0.0064,AVOID_LEFT
23.281,-2.0329,3.5965,-1.0126,-0.0651,1,0,0.245,0.0098,AVOID_RIGHT
23.323,-0.2538,2.7522,-1.0151,-0.088,1,0,0.203,0.0132,AVOID_RIGHT
23.367,3.1316,1.503,-1.4887,-0.046,0,1,0.171,0.0,ESCAPE
23.41,0.9643,1.3134,-0.8834,0.1616,0,7,0.262,0.0,ESCAPE
23.453,1.4366,1.7183,-1.1535,0.1849,1,5,0.311,0.0,ESCAPE
23.495,-0.8974,2.55,-0.7472,0.2257,0,2,0.271,0.0,ESCAPE
23.538,1.9102,1.1684,-1.0164,0.1529,1,1,0.242,0.0,ESCAPE
23.581,1.9197,1.0852,-1.0144,0.2817,0,6,0.296,0.0,ESCAPE
23.624,0.3992,1.3001,-0.5428,0.1916,2,5,0.355,0.0,ESCAPE
23.667,1.9634,0.347,-0.8145,0.2153,1,5,0.381,0.0,ESCAPE
23.71,2.0175,-0.0677,-0.5427,0.3151,0,5,0.381,0.0,ESCAPE
23.754,2.4118,-0.2241,-0.541,0.4197,0,6,0.4,0.0,ESCAPE
23.797,2.1126,-0.6911,-0.2699,0.5259,0,7,0.434,0.0,ESCAPE
23.84,1.8112,-1.078,0.0,0.4636,0,2,0.364,0.0,ESCAPE
23.882,2.3629,-1.6892,0.0,0.4227,0,3,0.33,0.0,ESCAPE
23.974,-2.1721,-1.6573,0.6656,0.3943,0,3,0.305,0.0,ESCAPE
24.019,0.3571,-2.735,0.6585,0.3377,0,1,0.248,0.0,ESCAPE
24.061,-1.3225,-1.1924,0.7915,0.1979,2,1,0.243,0.0,ESCAPE
24.104,-1.2707,-0.3887,0.5273,0.0546,2,1,0.239,0.0,ESCAPE
24.148,-1.6565,-0.2273,0.5916,0.008,1,0,0.199,0.0,ESCAPE
24.19,-0.9943,-0.5871,0.5089,-0.057,2,1,0.206,0.0,ESCAPE
24.234,-0.5045,-0.1335,0.1999,-0.1494,5,5,0.346,0.0,ESCAPE
24.277,-0.6052,-0.2319,0.2699,-0.1475,5,6,0.469,0.0,ESCAPE
24.321,-0.1207,-0.3155,0.1347,-0.1695,6,6,0.581,0.0,ESCAPE
24.364,-0.0478,-0.3002,0.1344,-0.1826,6,6,0.665,0.0,ESCAPE
24.409,0.0947,-0.2686,0.0672,-0.1375,5,7,0.727,0.0,ESCAPE
24.468,-0.3257,-0.2436,0.1262,-0.137,6,7,0.794,0.0,ESCAPE
24.514,-0.4852,0.0056,0.1251,-0.0495,4,7,0.805,0.0,ESCAPE
24.557,0.3658,-0.3661,0.0625,-0.0421,6,7,0.852,0.0,ESCAPE
24.6,0.0759,-0.2024,0.0625,-0.0366,6,7,0.887,0.0,ESCAPE
24.643,-0.1609,-0.0364,0.0625,-0.0386,6,7,0.913,0.0,ESCAPE
24.686,-0.1831,0.0118,0.0625,-0.046,5,6,0.895,0.0,ESCAPE
24.729,0.1418,-0.2383,0.0666,-0.0059,6,8,0.938,0.0009,CRUISE
24.773,-0.2026,-0.0218,0.0673,-0.0545,6,7,0.952,0.0082,CRUISE
24.816,-0.0071,-0.2064,0.0673,-0.0415,5,6,0.924,0.0062,CRUISE
24.86,0.0329,-0.269,0.0672,-0.0869,6,7,0.941,0.013,CRUISE
24.903,-0.2212,-0.0017,0.0672,-0.1783,6,6,0.935,0.0268,CRUISE
24.947,0.1595,-0.312,0.067,-0.0688,5,7,0.93,0.0103,CRUISE
25.039,0.242,-0.205,0.0,-0.1054,6,7,0.946,0.0158,CRUISE
25.084,-0.631,0.5197,0.0,-0.0041,5,7,0.938,0.0006,CRUISE
25.128,0.2337,-0.1684,0.0,0.0576,5,7,0.933,-0.0086,CRUISE
25.17,0.0104,-0.1546,0.0652,0.004,6,7,0.948,-0.0006,CRUISE
25.241,-0.2909,0.0292,0.0597,0.0363,6,8,0.978,-0.0054,CRUISE
25.291,0.147,-0.3175,0.069,0.0189,5,6,0.943,-0.0028,CRUISE
25.336,-0.3278,0.0335,0.0694,0.0475,6,8,0.975,-0.0071,CRUISE
25.382,-0.4286,0.134,0.0688,-0.1702,6,5,0.941,0.0255,CRUISE
25.426,0.3113,-0.2514,0.0,-0.1626,5,5,0.897,0.0244,CRUISE
25.47,0.0677,-0.0375,0.0,-0.0577,5,7,0.901,0.0087,CRUISE
25.515,-0.2457,0.195,0.0,-0.1027,6,7,0.924,0.0154,CRUISE
25.558,0.1286,-0.1104,0.0,-0.0579,6,8,0.96,0.0087,CRUISE
25.602,0.5463,-0.4738,0.0,-0.0934,6,7,0.968,0.014,CRUISE
25.646,-0.2055,0.1807,0.0,-0.1153,6,7,0.974,0.0173,CRUISE
25.69,0.3287,-0.2731,0.0,-0.0151,5,7,0.96,0.0023,CRUISE
25.733,1.4697,-1.3326,0.0662,0.0673,3,6,0.892,-0.0101,CRUISE
25.777,-0.3192,0.1067,0.0664,0.1388,6,8,0.936,-0.0208,CRUISE
25.821,-0.3029,0.0347,0.0666,0.1425,5,7,0.931,-0.0214,CRUISE
25.865,0.3551,-0.4274,0.0666,0.1118,6,7,0.946,-0.0168,CRUISE
25.909,-0.1088,-0.0848,0.0665,0.0416,6,7,0.958,-0.0062,CRUISE
25.954,-0.8094,0.2427,0.1324,-0.0368,5,5,0.909,0.0055,CRUISE
25.998,-0.4101,0.169,0.066,-0.1367,6,6,0.911,0.0205,CRUISE
26.067,0.1536,-0.281,0.0605,-0.2125,6,6,0.912,0.0319,OPTOMOTOR
26.111,-0.0219,-0.3236,0.0602,-0.0422,5,8,0.932,0.0063,CRUISE
26.156,0.3077,-0.4338,0.06,0.033,5,7,0.928,-0.0049,CRUISE
26.199,-0.1686,-0.0184,0.06,-0.0862,6,6,0.925,0.0129,CRUISE
26.254,-0.2095,0.1783,0.0,0.0815,5,8,0.942,-0.0122,CRUISE
26.298,0.8454,-0.68,0.0,0.1661,3,7,0.897,-0.0249,CRUISE
26.366,0.4511,-0.3293,0.0685,0.1962,4,7,0.883,-0.0294,CRUISE
26.41,0.9831,-0.8572,0.0686,0.2522,3,7,0.853,-0.0378,OPTOMOTOR
26.453,2.6484,-2.0346,0.2065,0.4524,0,8,0.792,-0.0679,OPTOMOTOR
26.496,4.0309,0.1522,0.1765,0.1509,0,1,0.613,-0.0226,CRUISE
26.539,2.5133,0.7835,0.9192,0.2041,0,5,0.555,-0.0306,OPTOMOTOR
26.583,1.5522,1.9663,0.9196,0.2509,0,4,0.493,-0.0376,OPTOMOTOR
26.628,-2.3657,-0.784,0.9306,0.1265,1,0,0.389,-0.019,AVOID_RIGHT
26.672,-0.2194,1.3751,2.1292,0.0819,1,1,0.33,-0.0123,AVOID_RIGHT
26.715,-1.438,0.7713,1.9998,-0.0216,2,0,0.285,0.0032,AVOID_RIGHT
26.758,-3.4031,1.4822,2.3979,0.0008,0,0,0.214,-0.0001,AVOID_RIGHT
26.802,0.7439,1.1413,1.5979,-0.0124,1,1,0.199,0.0019,AVOID_RIGHT
26.852,-2.6466,0.6823,2.3365,0.0446,0,1,0.168,-0.0067,CRUISE
26.897,-5.9327,-0.4344,2.3378,-0.0586,1,0,0.145,0.0088,CRUISE
26.94,2.1315,-0.6139,1.171,0.006,0,1,0.128,-0.0009,CRUISE
26.984,0.7409,-0.5787,1.625,0.1756,0,4,0.172,-0.0263,CRUISE
27.03,1.6912,-1.8821,1.2181,0.1321,2,6,0.282,-0.0198,CRUISE
27.123,-3.7264,0.7537,0.8396,0.206,0,3,0.269,-0.0309,AVOID_RIGHT
27.168,1.7604,-1.9427,1.1606,0.2215,0,1,0.221,-0.0332,AVOID_RIGHT
27.211,-1.1434,-1.4083,1.1585,0.1498,1,1,0.204,-0.0225,AVOID_RIGHT
27.255,2.1427,-0.6559,0.7072,0.136,1,3,0.229,-0.0204,AVOID_RIGHT
27.298,-0.3792,-0.4917,0.8473,0.0497,3,5,0.324,-0.0075,AVOID_RIGHT
27.342,4.1753,-1.0763,0.728,0.1243,1,6,0.377,-0.0186,AVOID_RIGHT
27.397,-0.1098,-0.3259,0.4435,0.0925,3,6,0.454,-0.0139,AVOID_RIGHT
27.441,-1.5982,0.2224,0.1277,-0.0486,4,2,0.455,0.0073,AVOID_RIGHT
27.484,-0.9046,0.1008,0.1278,-0.0969,2,1,0.399,0.0145,AVOID_LEFT
27.528,-0.7474,0.1122,0.0639,-0.1032,4,5,0.471,0.0155,CRUISE
27.571,-4.3167,0.8474,-0.0638,-0.1329,1,0,0.372,0.0199,CRUISE
27.615,-0.7702,0.2283,-0.0639,-0.1602,2,1,0.336,0.024,AVOID_LEFT
27.66,0.6099,-0.1129,0.0663,-0.1756,5,5,0.443,0.0263,AVOID_LEFT
27.704,2.8856,-0.5018,0.0663,-0.0922,2,6,0.485,0.0138,AVOID_LEFT
27.749,3.5917,-0.9731,0.4614,0.0597,0,7,0.497,-0.009,AVOID_LEFT
27.794,5.5989,-1.4869,0.5246,0.1077,0,3,0.43,-0.0162,AVOID_LEFT
27.862,0.012,1.0243,0.6621,0.1841,1,6,0.456,-0.0276,AVOID_LEFT
27.905,6.6581,-1.6257,0.6608,0.2636,0,5,0.438,-0.0395,AVOID_LEFT
27.949,1.9287,-0.7612,0.6031,0.2849,0,3,0.385,0.0,ESCAPE
27.994,2.1077,-0.8972,0.602,0.3137,0,3,0.346,0.0,ESCAPE
28.037,0.0615,-0.2113,0.242,0.1564,4,6,0.451,0.0,ESCAPE
28.168,-1.6289,0.7642,-0.2017,-0.009,3,1,0.414,0.0,ESCAPE
28.215,-2.2082,-0.1545,-0.2634,-0.0397,1,0,0.33,0.0,ESCAPE
28.258,0.5878,-0.0458,-0.132,-0.0928,2,1,0.305,0.0,ESCAPE
28.301,1.7574,-0.2802,-0.1325,0.0174,1,6,0.362,0.0,ESCAPE
28.345,6.7329,-1.0782,-0.0568,0.0501,0,1,0.291,0.0,ESCAPE
28.401,2.144,-0.3425,-0.0481,0.1994,0,7,0.352,0.0,ESCAPE
28.445,0.2087,-0.1102,0.1248,-0.0074,6,5,0.474,0.0,ESCAPE
28.488,-1.34,0.2138,0.1276,-0.0747,3,2,0.451,0.0,ESCAPE
28.531,-3.6349,0.7425,0.0,-0.1365,2,0,0.376,0.0,ESCAPE
28.575,0.3412,-0.0519,0.0,-0.1579,5,5,0.473,0.0,ESCAPE
28.619,0.4005,-0.0199,-0.0638,-0.1502,6,7,0.603,0.0,ESCAPE
28.662,-1.97,0.4554,-0.0668,-0.1347,1,2,0.509,0.0,ESCAPE
28.705,0.0104,-0.0497,0.0,-0.1791,6,5,0.592,0.0,ESCAPE
28.748,0.3635,-0.1461,0.0,-0.1374,6,8,0.711,0.0,ESCAPE
28.792,-0.9515,0.1168,0.0,-0.1314,5,6,0.743,0.0,ESCAPE
28.835,-0.4834,0.0939,0.0,-0.1546,5,5,0.748,0.0,ESCAPE
28.878,2.0875,-0.3933,0.1344,-0.1054,3,5,0.714,0.0,ESCAPE
28.921,2.643,-0.518,0.1345,0.007,0,5,0.631,0.0,ESCAPE
28.964,2.7337,-0.6093,0.1347,0.111,0,6,0.588,0.0,ESCAPE
29.007,5.266,-1.1985,0.2693,0.1178,0,3,0.498,0.0,ESCAPE
29.051,1.8341,-0.5352,0.2696,0.1057,0,1,0.393,0.0,ESCAPE
29.093,3.7884,-0.9074,0.4058,0.1563,0,3,0.352,0.0,ESCAPE
29.136,3.151,-0.7055,0.2711,0.2341,0,4,0.34,0.0,ESCAPE
29.228,2.24,-0.7936,0.3994,0.3821,0,7,0.389,0.0,ESCAPE
29.273,4.023,-0.7393,0.3289,0.3389,0,1,0.311,0.0,ESCAPE
29.316,0.5605,-0.2367,0.3289,0.4038,0,5,0.328,0.0,ESCAPE
29.359,1.6328,-0.341,0.1973,0.2918,2,5,0.38,0.0,ESCAPE
29.402,1.2119,-0.2623,0.262,0.2355,1,3,0.361,-0.0353,OPTOMOTOR
29.446,1.1106,-0.2637,0.2255,0.248,2,7,0.443,-0.0372,OPTOMOTOR
29.488,3.9949,-0.5877,0.1997,0.238,0,2,0.37,-0.0357,OPTOMOTOR
29.531,1.5089,-0.2096,0.1351,0.3618,0,6,0.392,-0.0543,OPTOMOTOR
29.573,1.7383,-0.2376,0.2031,0.4269,0,5,0.39,-0.064,OPTOMOTOR
29.617,1.1424,-0.1453,0.2029,0.5591,0,8,0.445,-0.0839,OPTOMOTOR
29.659,1.8435,-0.1927,0.1356,0.5065,0,3,0.391,-0.076,OPTOMOTOR
29.703,-1.2467,0.0927,0.1356,0.4549,0,3,0.35,-0.0682,OPTOMOTOR
29.746,-1.4074,0.0975,0.0678,0.2559,2,1,0.32,-0.0384,OPTOMOTOR
29.789,-2.2462,0.1487,0.0676,0.1556,1,0,0.259,-0.0233,CRUISE
29.831,-1.3905,0.1148,0.0,0.1637,0,0,0.194,-0.0246,CRUISE
29.874,-1.5974,0.1551,0.0,0.0864,1,0,0.165,-0.013,CRUISE
29.918,-2.5035,0.2822,-0.0678,-0.0188,1,0,0.143,0.0028,CRUISE
29.96,-3.2515,0.3076,-0.1356,-0.1718,2,0,0.145,0.0258,CRUISE
30.003,-0.3263,0.0709,-0.1355,-0.1464,2,2,0.185,0.022,AVOID_LEFT
[13:46:46] max duration 30s reached - landing
[13:46:46] Landed (state=idle).
[13:46:46] ============================================================
[13:46:46] SUMMARY
[13:46:46] accepted_frames=667  live_cycles=599  escapes_suppressed=210
[13:46:46] steering cycles=388  corr(rotation, yaw_cmd)=-0.649 (want negative)  max|yaw_cmd|=0.098
[13:46:46] END
